Archive member included to satisfy reference by file (symbol)

c:/progra~2/gnuarm~1/102020~1/bin/../lib/gcc/arm-none-eabi/10.2.1/thumb/v6-m/nofp\libgcc.a(_dvmd_tls.o)
                              CMakeFiles/pico-numpad.dir/C_/Users/ngadj/Documents/pico-sdk/src/rp2_common/pico_divider/divider.S.obj (__aeabi_idiv0)
c:/progra~2/gnuarm~1/102020~1/bin/../lib/gcc/arm-none-eabi/10.2.1/../../../../arm-none-eabi/lib/thumb/v6-m/nofp\libg.a(lib_a-calloc.o)
                              CMakeFiles/pico-numpad.dir/C_/Users/ngadj/Documents/pico-sdk/src/rp2_common/pico_malloc/pico_malloc.c.obj (calloc)
c:/progra~2/gnuarm~1/102020~1/bin/../lib/gcc/arm-none-eabi/10.2.1/../../../../arm-none-eabi/lib/thumb/v6-m/nofp\libg.a(lib_a-callocr.o)
                              c:/progra~2/gnuarm~1/102020~1/bin/../lib/gcc/arm-none-eabi/10.2.1/../../../../arm-none-eabi/lib/thumb/v6-m/nofp\libg.a(lib_a-calloc.o) (_calloc_r)
c:/progra~2/gnuarm~1/102020~1/bin/../lib/gcc/arm-none-eabi/10.2.1/../../../../arm-none-eabi/lib/thumb/v6-m/nofp\libg.a(lib_a-ctype_.o)
                              CMakeFiles/pico-numpad.dir/C_/Users/ngadj/Documents/pico-sdk/lib/tinyusb/src/tusb.c.obj (_ctype_)
c:/progra~2/gnuarm~1/102020~1/bin/../lib/gcc/arm-none-eabi/10.2.1/../../../../arm-none-eabi/lib/thumb/v6-m/nofp\libg.a(lib_a-impure.o)
                              c:/progra~2/gnuarm~1/102020~1/bin/../lib/gcc/arm-none-eabi/10.2.1/../../../../arm-none-eabi/lib/thumb/v6-m/nofp\libg.a(lib_a-calloc.o) (_impure_ptr)
c:/progra~2/gnuarm~1/102020~1/bin/../lib/gcc/arm-none-eabi/10.2.1/../../../../arm-none-eabi/lib/thumb/v6-m/nofp\libg.a(lib_a-init.o)
                              c:/progra~2/gnuarm~1/102020~1/bin/../lib/gcc/arm-none-eabi/10.2.1/../../../../arm-none-eabi/lib/thumb/v6-m/nofp/crt0.o (__libc_init_array)
c:/progra~2/gnuarm~1/102020~1/bin/../lib/gcc/arm-none-eabi/10.2.1/../../../../arm-none-eabi/lib/thumb/v6-m/nofp\libg.a(lib_a-malloc.o)
                              CMakeFiles/pico-numpad.dir/C_/Users/ngadj/Documents/pico-sdk/src/rp2_common/pico_malloc/pico_malloc.c.obj (malloc)
c:/progra~2/gnuarm~1/102020~1/bin/../lib/gcc/arm-none-eabi/10.2.1/../../../../arm-none-eabi/lib/thumb/v6-m/nofp\libg.a(lib_a-mallocr.o)
                              c:/progra~2/gnuarm~1/102020~1/bin/../lib/gcc/arm-none-eabi/10.2.1/../../../../arm-none-eabi/lib/thumb/v6-m/nofp\libg.a(lib_a-callocr.o) (_malloc_r)
c:/progra~2/gnuarm~1/102020~1/bin/../lib/gcc/arm-none-eabi/10.2.1/../../../../arm-none-eabi/lib/thumb/v6-m/nofp\libg.a(lib_a-mlock.o)
                              c:/progra~2/gnuarm~1/102020~1/bin/../lib/gcc/arm-none-eabi/10.2.1/../../../../arm-none-eabi/lib/thumb/v6-m/nofp\libg.a(lib_a-mallocr.o) (__malloc_lock)
c:/progra~2/gnuarm~1/102020~1/bin/../lib/gcc/arm-none-eabi/10.2.1/../../../../arm-none-eabi/lib/thumb/v6-m/nofp\libg.a(lib_a-sbrkr.o)
                              c:/progra~2/gnuarm~1/102020~1/bin/../lib/gcc/arm-none-eabi/10.2.1/../../../../arm-none-eabi/lib/thumb/v6-m/nofp\libg.a(lib_a-mallocr.o) (_sbrk_r)
c:/progra~2/gnuarm~1/102020~1/bin/../lib/gcc/arm-none-eabi/10.2.1/../../../../arm-none-eabi/lib/thumb/v6-m/nofp\libg.a(lib_a-strlen-stub.o)
                              CMakeFiles/pico-numpad.dir/usb_descriptors.c.obj (strlen)
c:/progra~2/gnuarm~1/102020~1/bin/../lib/gcc/arm-none-eabi/10.2.1/../../../../arm-none-eabi/lib/thumb/v6-m/nofp\libg.a(lib_a-freer.o)
                              c:/progra~2/gnuarm~1/102020~1/bin/../lib/gcc/arm-none-eabi/10.2.1/../../../../arm-none-eabi/lib/thumb/v6-m/nofp\libg.a(lib_a-malloc.o) (_free_r)
c:/progra~2/gnuarm~1/102020~1/bin/../lib/gcc/arm-none-eabi/10.2.1/../../../../arm-none-eabi/lib/thumb/v6-m/nofp\libg.a(lib_a-lock.o)
                              c:/progra~2/gnuarm~1/102020~1/bin/../lib/gcc/arm-none-eabi/10.2.1/../../../../arm-none-eabi/lib/thumb/v6-m/nofp\libg.a(lib_a-mlock.o) (__retarget_lock_acquire_recursive)
c:/progra~2/gnuarm~1/102020~1/bin/../lib/gcc/arm-none-eabi/10.2.1/../../../../arm-none-eabi/lib/thumb/v6-m/nofp\libg.a(lib_a-reent.o)
                              c:/progra~2/gnuarm~1/102020~1/bin/../lib/gcc/arm-none-eabi/10.2.1/../../../../arm-none-eabi/lib/thumb/v6-m/nofp\libg.a(lib_a-sbrkr.o) (errno)

Discarded input sections

 .text          0x00000000        0x0 c:/progra~2/gnuarm~1/102020~1/bin/../lib/gcc/arm-none-eabi/10.2.1/thumb/v6-m/nofp/crti.o
 .data          0x00000000        0x0 c:/progra~2/gnuarm~1/102020~1/bin/../lib/gcc/arm-none-eabi/10.2.1/thumb/v6-m/nofp/crti.o
 .bss           0x00000000        0x0 c:/progra~2/gnuarm~1/102020~1/bin/../lib/gcc/arm-none-eabi/10.2.1/thumb/v6-m/nofp/crti.o
 .data          0x00000000        0x4 c:/progra~2/gnuarm~1/102020~1/bin/../lib/gcc/arm-none-eabi/10.2.1/thumb/v6-m/nofp/crtbegin.o
 .rodata        0x00000000       0x24 c:/progra~2/gnuarm~1/102020~1/bin/../lib/gcc/arm-none-eabi/10.2.1/thumb/v6-m/nofp/crtbegin.o
 .fini_array    0x00000000        0x4 c:/progra~2/gnuarm~1/102020~1/bin/../lib/gcc/arm-none-eabi/10.2.1/thumb/v6-m/nofp/crtbegin.o
[...]
Memory Configuration

Name             Origin             Length             Attributes
FLASH            0x10000000         0x00200000         xr
RAM              0x20000000         0x00040000         xrw
SCRATCH_X        0x20040000         0x00001000         xrw
SCRATCH_Y        0x20041000         0x00001000         xrw
*default*        0x00000000         0xffffffff

Linker script and memory map

LOAD c:/progra~2/gnuarm~1/102020~1/bin/../lib/gcc/arm-none-eabi/10.2.1/thumb/v6-m/nofp/crti.o
LOAD c:/progra~2/gnuarm~1/102020~1/bin/../lib/gcc/arm-none-eabi/10.2.1/thumb/v6-m/nofp/crtbegin.o
LOAD c:/progra~2/gnuarm~1/102020~1/bin/../lib/gcc/arm-none-eabi/10.2.1/../../../../arm-none-eabi/lib/thumb/v6-m/nofp/crt0.o

.flash_begin    0x10000000        0x0
                0x10000000                __flash_binary_start = .

.boot2          0x10000000      0x100
                0x10000000                __boot2_start__ = .
 *(.boot2)
 .boot2         0x10000000      0x100 C:\Users\ngadj\AppData\Local\Temp\cckOQtcF.o
                0x10000100                __boot2_end__ = .
                0x00000001                ASSERT (((__boot2_end__ - __boot2_start__) == 0x100), ERROR: Pico second stage bootloader must be 256 bytes in size)

.text           0x10000100     0x63f0
                0x10000100                __logical_binary_start = .
 *(.vectors)
 .vectors       0x10000100       0xd4 CMakeFiles/pico-numpad.dir/C_/Users/ngadj/Documents/pico-sdk/src/rp2_common/pico_standard_link/crt0.S.obj
                0x10000100                __vectors
                0x100001c0                isr_invalid
                0x100001c2                isr_nmi
                0x100001c4                isr_hardfault
                0x100001c6                isr_svcall
                0x100001c8                isr_pendsv
                0x100001ca                isr_systick
                0x100001cc                isr_irq11
                0x100001cc                isr_irq5
                0x100001cc                isr_irq23
                0x100001cc                isr_irq18
                0x100001cc                isr_irq31
                0x100001cc                isr_irq28
                0x100001cc                isr_irq19
                0x100001cc                isr_irq0
                0x100001cc                isr_irq6
                0x100001cc                isr_irq27
                0x100001cc                isr_irq12
                0x100001cc                isr_irq22
                0x100001cc                isr_irq13
                0x100001cc                isr_irq17
                0x100001cc                isr_irq14
                0x100001cc                isr_irq2
                0x100001cc                isr_irq10
                0x100001cc                isr_irq8
                0x100001cc                isr_irq24
                0x100001cc                isr_irq1
                0x100001cc                isr_irq7
                0x100001cc                isr_irq21
                0x100001cc                isr_irq20
                0x100001cc                isr_irq15
                0x100001cc                isr_irq25
                0x100001cc                __unhandled_user_irq
                0x100001cc                isr_irq4
                0x100001cc                isr_irq16
                0x100001cc                isr_irq29
                0x100001cc                isr_irq26
                0x100001cc                isr_irq3
                0x100001cc                isr_irq30
                0x100001cc                isr_irq9
                0x100001d2                unhandled_user_irq_num_in_r0
 *(.binary_info_header)
 .binary_info_header
                0x100001d4       0x14 CMakeFiles/pico-numpad.dir/C_/Users/ngadj/Documents/pico-sdk/src/rp2_common/pico_standard_link/crt0.S.obj
                0x100001e8                __binary_info_header_end = .
 *(.reset)
 .reset         0x100001e8       0xa8 CMakeFiles/pico-numpad.dir/C_/Users/ngadj/Documents/pico-sdk/src/rp2_common/pico_standard_link/crt0.S.obj
                0x100001e8                _entry_point
                0x10000266                __get_current_exception
 .reset         0x10000290       0x30 CMakeFiles/pico-numpad.dir/C_/Users/ngadj/Documents/pico-sdk/src/rp2_common/pico_standard_link/binary_info.c.obj
 *(.init)
 .init          0x100002c0        0x4 c:/progra~2/gnuarm~1/102020~1/bin/../lib/gcc/arm-none-eabi/10.2.1/thumb/v6-m/nofp/crti.o
                0x100002c0                _init
 *(EXCLUDE_FILE(*libm.a: *libc.a:*lib_a-mem*.o *libgcc.a:) .text*)
 .text          0x100002c4       0x48 c:/progra~2/gnuarm~1/102020~1/bin/../lib/gcc/arm-none-eabi/10.2.1/thumb/v6-m/nofp/crtbegin.o
 .text.init     0x1000030c       0x64 CMakeFiles/pico-numpad.dir/pico-numpad.c.obj
                0x1000030c                init
 .text.update_inputs
                0x10000370       0x58 CMakeFiles/pico-numpad.dir/pico-numpad.c.obj
                0x10000370                update_inputs
 .text.key_mode
                0x100003c8       0x84 CMakeFiles/pico-numpad.dir/pico-numpad.c.obj
                0x100003c8                key_mode
 .text.main     0x1000044c       0x1c CMakeFiles/pico-numpad.dir/pico-numpad.c.obj
                0x1000044c                main
 .text.tud_hid_get_report_cb
                0x10000468        0x4 CMakeFiles/pico-numpad.dir/pico-numpad.c.obj
                0x10000468                tud_hid_get_report_cb
 .text.tud_hid_set_report_cb
                0x1000046c       0x24 CMakeFiles/pico-numpad.dir/pico-numpad.c.obj
                0x1000046c                tud_hid_set_report_cb
 .text.tud_descriptor_device_cb
                0x10000490        0x8 CMakeFiles/pico-numpad.dir/usb_descriptors.c.obj
                0x10000490                tud_descriptor_device_cb
 .text.tud_hid_descriptor_report_cb
                0x10000498        0x8 CMakeFiles/pico-numpad.dir/usb_descriptors.c.obj
                0x10000498                tud_hid_descriptor_report_cb
 .text.tud_descriptor_configuration_cb
                0x100004a0        0x8 CMakeFiles/pico-numpad.dir/usb_descriptors.c.obj
                0x100004a0                tud_descriptor_configuration_cb
 .text.tud_descriptor_string_cb
                0x100004a8       0x60 CMakeFiles/pico-numpad.dir/usb_descriptors.c.obj
                0x100004a8                tud_descriptor_string_cb
 .text.setup_default_uart
                0x10000508        0x8 CMakeFiles/pico-numpad.dir/C_/Users/ngadj/Documents/pico-sdk/src/rp2_common/pico_stdlib/stdlib.c.obj
                0x10000508                setup_default_uart
 .text.gpio_set_function
                0x10000510       0x30 CMakeFiles/pico-numpad.dir/C_/Users/ngadj/Documents/pico-sdk/src/rp2_common/hardware_gpio/gpio.c.obj
                0x10000510                gpio_set_function
 .text.gpio_set_pulls
                0x10000540       0x34 CMakeFiles/pico-numpad.dir/C_/Users/ngadj/Documents/pico-sdk/src/rp2_common/hardware_gpio/gpio.c.obj
                0x10000540                gpio_set_pulls
 .text.gpio_init
                0x10000574       0x16 CMakeFiles/pico-numpad.dir/C_/Users/ngadj/Documents/pico-sdk/src/rp2_common/hardware_gpio/gpio.c.obj
                0x10000574                gpio_init
 *fill*         0x1000058a        0x2 
 .text.hw_claim_lock
                0x1000058c       0x18 CMakeFiles/pico-numpad.dir/C_/Users/ngadj/Documents/pico-sdk/src/rp2_common/hardware_claim/claim.c.obj
                0x1000058c                hw_claim_lock
 .text.hw_claim_unlock
                0x100005a4       0x14 CMakeFiles/pico-numpad.dir/C_/Users/ngadj/Documents/pico-sdk/src/rp2_common/hardware_claim/claim.c.obj
                0x100005a4                hw_claim_unlock
 .text.hw_claim_or_assert
                0x100005b8       0x36 CMakeFiles/pico-numpad.dir/C_/Users/ngadj/Documents/pico-sdk/src/rp2_common/hardware_claim/claim.c.obj
                0x100005b8                hw_claim_or_assert
 .text.hw_claim_unused_from_range
                0x100005ee       0x58 CMakeFiles/pico-numpad.dir/C_/Users/ngadj/Documents/pico-sdk/src/rp2_common/hardware_claim/claim.c.obj
                0x100005ee                hw_claim_unused_from_range
 *fill*         0x10000646        0x2 
 .text.spin_locks_reset
                0x10000648       0x20 CMakeFiles/pico-numpad.dir/C_/Users/ngadj/Documents/pico-sdk/src/rp2_common/hardware_sync/sync.c.obj
                0x10000648                spin_locks_reset
 .text.next_striped_spin_lock_num
                0x10000668       0x1c CMakeFiles/pico-numpad.dir/C_/Users/ngadj/Documents/pico-sdk/src/rp2_common/hardware_sync/sync.c.obj
                0x10000668                next_striped_spin_lock_num
 .text.spin_lock_claim_unused
                0x10000684       0x20 CMakeFiles/pico-numpad.dir/C_/Users/ngadj/Documents/pico-sdk/src/rp2_common/hardware_sync/sync.c.obj
                0x10000684                spin_lock_claim_unused
 .text.running_on_fpga
                0x100006a4       0x14 CMakeFiles/pico-numpad.dir/C_/Users/ngadj/Documents/pico-sdk/src/rp2_common/pico_platform/platform.c.obj
                0x100006a4                running_on_fpga
 .text.uart_set_baudrate
                0x100006b8       0x64 CMakeFiles/pico-numpad.dir/C_/Users/ngadj/Documents/pico-sdk/src/rp2_common/hardware_uart/uart.c.obj
                0x100006b8                uart_set_baudrate
 .text.uart_set_translate_crlf
                0x1000071c       0x28 CMakeFiles/pico-numpad.dir/C_/Users/ngadj/Documents/pico-sdk/src/rp2_common/hardware_uart/uart.c.obj
                0x1000071c                uart_set_translate_crlf
 .text.uart_init
                0x10000744       0x80 CMakeFiles/pico-numpad.dir/C_/Users/ngadj/Documents/pico-sdk/src/rp2_common/hardware_uart/uart.c.obj
                0x10000744                uart_init
 .text.sev_callback
                0x100007c4        0x8 CMakeFiles/pico-numpad.dir/C_/Users/ngadj/Documents/pico-sdk/src/common/pico_time/time.c.obj
 .text.alarm_pool_post_alloc_init
                0x100007cc       0x40 CMakeFiles/pico-numpad.dir/C_/Users/ngadj/Documents/pico-sdk/src/common/pico_time/time.c.obj
 .text.timer_pool_entry_comparator
                0x1000080c       0x7c CMakeFiles/pico-numpad.dir/C_/Users/ngadj/Documents/pico-sdk/src/common/pico_time/time.c.obj
                0x1000080c                timer_pool_entry_comparator
 .text.ph_add_child_node
                0x10000888       0xa4 CMakeFiles/pico-numpad.dir/C_/Users/ngadj/Documents/pico-sdk/src/common/pico_time/time.c.obj
 .text.ph_merge_nodes
                0x1000092c       0x3e CMakeFiles/pico-numpad.dir/C_/Users/ngadj/Documents/pico-sdk/src/common/pico_time/time.c.obj
 *fill*         0x1000096a        0x2 
 .text.add_alarm_under_lock
                0x1000096c      0x174 CMakeFiles/pico-numpad.dir/C_/Users/ngadj/Documents/pico-sdk/src/common/pico_time/time.c.obj
 .text.alarm_pool_alarm_callback
                0x10000ae0      0x328 CMakeFiles/pico-numpad.dir/C_/Users/ngadj/Documents/pico-sdk/src/common/pico_time/time.c.obj
 .text.alarm_pool_init_default
                0x10000e08       0x2c CMakeFiles/pico-numpad.dir/C_/Users/ngadj/Documents/pico-sdk/src/common/pico_time/time.c.obj
                0x10000e08                alarm_pool_init_default
 .text.alarm_pool_get_default
                0x10000e34       0x2c CMakeFiles/pico-numpad.dir/C_/Users/ngadj/Documents/pico-sdk/src/common/pico_time/time.c.obj
                0x10000e34                alarm_pool_get_default
 .text.alarm_pool_add_alarm_at
                0x10000e60      0x170 CMakeFiles/pico-numpad.dir/C_/Users/ngadj/Documents/pico-sdk/src/common/pico_time/time.c.obj
                0x10000e60                alarm_pool_add_alarm_at
 .text.alarm_pool_cancel_alarm
                0x10000fd0       0xec CMakeFiles/pico-numpad.dir/C_/Users/ngadj/Documents/pico-sdk/src/common/pico_time/time.c.obj
                0x10000fd0                alarm_pool_cancel_alarm
 .text.best_effort_wfe_or_timeout
                0x100010bc       0x80 CMakeFiles/pico-numpad.dir/C_/Users/ngadj/Documents/pico-sdk/src/common/pico_time/time.c.obj
                0x100010bc                best_effort_wfe_or_timeout
 .text.hardware_alarm_irq_handler
                0x1000113c       0x8c CMakeFiles/pico-numpad.dir/C_/Users/ngadj/Documents/pico-sdk/src/rp2_common/hardware_timer/timer.c.obj
 .text.hardware_alarm_claim
                0x100011c8       0x18 CMakeFiles/pico-numpad.dir/C_/Users/ngadj/Documents/pico-sdk/src/rp2_common/hardware_timer/timer.c.obj
                0x100011c8                hardware_alarm_claim
 .text.time_us_64
                0x100011e0       0x18 CMakeFiles/pico-numpad.dir/C_/Users/ngadj/Documents/pico-sdk/src/rp2_common/hardware_timer/timer.c.obj
                0x100011e0                time_us_64
 .text.hardware_alarm_set_callback
                0x100011f8       0x90 CMakeFiles/pico-numpad.dir/C_/Users/ngadj/Documents/pico-sdk/src/rp2_common/hardware_timer/timer.c.obj
                0x100011f8                hardware_alarm_set_callback
 .text.hardware_alarm_set_target
                0x10001288       0xe8 CMakeFiles/pico-numpad.dir/C_/Users/ngadj/Documents/pico-sdk/src/rp2_common/hardware_timer/timer.c.obj
                0x10001288                hardware_alarm_set_target
 .text.hardware_alarm_cancel
                0x10001370       0x40 CMakeFiles/pico-numpad.dir/C_/Users/ngadj/Documents/pico-sdk/src/rp2_common/hardware_timer/timer.c.obj
                0x10001370                hardware_alarm_cancel
 .text.lock_init
                0x100013b0       0x10 CMakeFiles/pico-numpad.dir/C_/Users/ngadj/Documents/pico-sdk/src/common/pico_sync/lock_core.c.obj
                0x100013b0                lock_init
 .text.mutex_init
                0x100013c0       0x1a CMakeFiles/pico-numpad.dir/C_/Users/ngadj/Documents/pico-sdk/src/common/pico_sync/mutex.c.obj
                0x100013c0                mutex_init
 .text.critical_section_init_with_lock_num
                0x100013da        0xc CMakeFiles/pico-numpad.dir/C_/Users/ngadj/Documents/pico-sdk/src/common/pico_sync/critical_section.c.obj
                0x100013da                critical_section_init_with_lock_num
 .text.critical_section_init
                0x100013e6       0x14 CMakeFiles/pico-numpad.dir/C_/Users/ngadj/Documents/pico-sdk/src/common/pico_sync/critical_section.c.obj
                0x100013e6                critical_section_init
 *fill*         0x100013fa        0x2 
 .text.ph_add_child_node
                0x100013fc       0xa4 CMakeFiles/pico-numpad.dir/C_/Users/ngadj/Documents/pico-sdk/src/common/pico_util/pheap.c.obj
 .text.ph_merge_nodes
                0x100014a0       0x3e CMakeFiles/pico-numpad.dir/C_/Users/ngadj/Documents/pico-sdk/src/common/pico_util/pheap.c.obj
 *fill*         0x100014de        0x2 
 .text.ph_clear
                0x100014e0       0x70 CMakeFiles/pico-numpad.dir/C_/Users/ngadj/Documents/pico-sdk/src/common/pico_util/pheap.c.obj
                0x100014e0                ph_clear
 .text.ph_post_alloc_init
                0x10001550        0xe CMakeFiles/pico-numpad.dir/C_/Users/ngadj/Documents/pico-sdk/src/common/pico_util/pheap.c.obj
                0x10001550                ph_post_alloc_init
 *fill*         0x1000155e        0x2 
 .text.ph_merge_two_pass
                0x10001560       0xa8 CMakeFiles/pico-numpad.dir/C_/Users/ngadj/Documents/pico-sdk/src/common/pico_util/pheap.c.obj
                0x10001560                ph_merge_two_pass
 .text.ph_remove_any_head
                0x10001608      0x108 CMakeFiles/pico-numpad.dir/C_/Users/ngadj/Documents/pico-sdk/src/common/pico_util/pheap.c.obj
 .text.ph_remove_head
                0x10001710       0x14 CMakeFiles/pico-numpad.dir/C_/Users/ngadj/Documents/pico-sdk/src/common/pico_util/pheap.c.obj
                0x10001710                ph_remove_head
 .text.ph_remove_and_free_node
                0x10001724       0xf8 CMakeFiles/pico-numpad.dir/C_/Users/ngadj/Documents/pico-sdk/src/common/pico_util/pheap.c.obj
                0x10001724                ph_remove_and_free_node
 .text.runtime_init
                0x1000181c       0xcc CMakeFiles/pico-numpad.dir/C_/Users/ngadj/Documents/pico-sdk/src/rp2_common/pico_runtime/runtime.c.obj
                0x1000181c                runtime_init
 .text._exit    0x100018e8        0x4 CMakeFiles/pico-numpad.dir/C_/Users/ngadj/Documents/pico-sdk/src/rp2_common/pico_runtime/runtime.c.obj
                0x100018e8                _exit
 .text.exit     0x100018ec        0x6 CMakeFiles/pico-numpad.dir/C_/Users/ngadj/Documents/pico-sdk/src/rp2_common/pico_runtime/runtime.c.obj
                0x100018ec                exit
 *fill*         0x100018f2        0x2 
 .text.__assert_func
                0x100018f4       0x3c CMakeFiles/pico-numpad.dir/C_/Users/ngadj/Documents/pico-sdk/src/rp2_common/pico_runtime/runtime.c.obj
                0x100018f4                __assert_func
 .text.panic    0x10001930       0x30 CMakeFiles/pico-numpad.dir/C_/Users/ngadj/Documents/pico-sdk/src/rp2_common/pico_runtime/runtime.c.obj
                0x10001930                panic
 .text.clock_configure
                0x10001960       0xe8 CMakeFiles/pico-numpad.dir/C_/Users/ngadj/Documents/pico-sdk/src/rp2_common/hardware_clocks/clocks.c.obj
                0x10001960                clock_configure
 .text.clocks_init
                0x10001a48      0x124 CMakeFiles/pico-numpad.dir/C_/Users/ngadj/Documents/pico-sdk/src/rp2_common/hardware_clocks/clocks.c.obj
                0x10001a48                clocks_init
 .text.clock_get_hz
                0x10001b6c        0xc CMakeFiles/pico-numpad.dir/C_/Users/ngadj/Documents/pico-sdk/src/rp2_common/hardware_clocks/clocks.c.obj
                0x10001b6c                clock_get_hz
 .text.watchdog_start_tick
                0x10001b78       0x10 CMakeFiles/pico-numpad.dir/C_/Users/ngadj/Documents/pico-sdk/src/rp2_common/hardware_watchdog/watchdog.c.obj
                0x10001b78                watchdog_start_tick
 .text.xosc_init
                0x10001b88       0x28 CMakeFiles/pico-numpad.dir/C_/Users/ngadj/Documents/pico-sdk/src/rp2_common/hardware_xosc/xosc.c.obj
                0x10001b88                xosc_init
 .text.pll_init
                0x10001bb0       0xd0 CMakeFiles/pico-numpad.dir/C_/Users/ngadj/Documents/pico-sdk/src/rp2_common/hardware_pll/pll.c.obj
                0x10001bb0                pll_init
 .text.set_raw_irq_handler_and_unlock
                0x10001c80       0x28 CMakeFiles/pico-numpad.dir/C_/Users/ngadj/Documents/pico-sdk/src/rp2_common/hardware_irq/irq.c.obj
 .text.make_branch
                0x10001ca8       0x34 CMakeFiles/pico-numpad.dir/C_/Users/ngadj/Documents/pico-sdk/src/rp2_common/hardware_irq/irq.c.obj
 .text.insert_branch_and_link
                0x10001cdc       0x40 CMakeFiles/pico-numpad.dir/C_/Users/ngadj/Documents/pico-sdk/src/rp2_common/hardware_irq/irq.c.obj
 .text.irq_is_enabled
                0x10001d1c       0x18 CMakeFiles/pico-numpad.dir/C_/Users/ngadj/Documents/pico-sdk/src/rp2_common/hardware_irq/irq.c.obj
                0x10001d1c                irq_is_enabled
 .text.irq_set_mask_enabled
                0x10001d34       0x20 CMakeFiles/pico-numpad.dir/C_/Users/ngadj/Documents/pico-sdk/src/rp2_common/hardware_irq/irq.c.obj
                0x10001d34                irq_set_mask_enabled
 .text.irq_set_enabled
                0x10001d54        0xe CMakeFiles/pico-numpad.dir/C_/Users/ngadj/Documents/pico-sdk/src/rp2_common/hardware_irq/irq.c.obj
                0x10001d54                irq_set_enabled
 *fill*         0x10001d62        0x2 
 .text.irq_get_vtable_handler
                0x10001d64       0x10 CMakeFiles/pico-numpad.dir/C_/Users/ngadj/Documents/pico-sdk/src/rp2_common/hardware_irq/irq.c.obj
                0x10001d64                irq_get_vtable_handler
 .text.irq_set_exclusive_handler
                0x10001d74       0x54 CMakeFiles/pico-numpad.dir/C_/Users/ngadj/Documents/pico-sdk/src/rp2_common/hardware_irq/irq.c.obj
                0x10001d74                irq_set_exclusive_handler
 .text.irq_remove_handler
                0x10001dc8      0x1ac CMakeFiles/pico-numpad.dir/C_/Users/ngadj/Documents/pico-sdk/src/rp2_common/hardware_irq/irq.c.obj
                0x10001dc8                irq_remove_handler
 .text.irq_set_priority
                0x10001f74       0x28 CMakeFiles/pico-numpad.dir/C_/Users/ngadj/Documents/pico-sdk/src/rp2_common/hardware_irq/irq.c.obj
                0x10001f74                irq_set_priority
 .text.irq_add_tail_to_free_list
                0x10001f9c       0xf0 CMakeFiles/pico-numpad.dir/C_/Users/ngadj/Documents/pico-sdk/src/rp2_common/hardware_irq/irq.c.obj
                0x10001f9c                irq_add_tail_to_free_list
 .text.irq_init_priorities
                0x1000208c       0x16 CMakeFiles/pico-numpad.dir/C_/Users/ngadj/Documents/pico-sdk/src/rp2_common/hardware_irq/irq.c.obj
                0x1000208c                irq_init_priorities
 .text._out_null
                0x100020a2        0x2 CMakeFiles/pico-numpad.dir/C_/Users/ngadj/Documents/pico-sdk/src/rp2_common/pico_printf/printf.c.obj
 .text._out_fct
                0x100020a4        0xe CMakeFiles/pico-numpad.dir/C_/Users/ngadj/Documents/pico-sdk/src/rp2_common/pico_printf/printf.c.obj
 .text._atoi    0x100020b2       0x24 CMakeFiles/pico-numpad.dir/C_/Users/ngadj/Documents/pico-sdk/src/rp2_common/pico_printf/printf.c.obj
 .text._out_rev
                0x100020d6       0xae CMakeFiles/pico-numpad.dir/C_/Users/ngadj/Documents/pico-sdk/src/rp2_common/pico_printf/printf.c.obj
 .text._ntoa_format
                0x10002184      0x112 CMakeFiles/pico-numpad.dir/C_/Users/ngadj/Documents/pico-sdk/src/rp2_common/pico_printf/printf.c.obj
 .text._ntoa_long
                0x10002296       0xbc CMakeFiles/pico-numpad.dir/C_/Users/ngadj/Documents/pico-sdk/src/rp2_common/pico_printf/printf.c.obj
 .text._ntoa_long_long
                0x10002352       0xe2 CMakeFiles/pico-numpad.dir/C_/Users/ngadj/Documents/pico-sdk/src/rp2_common/pico_printf/printf.c.obj
 .text._etoa    0x10002434      0x414 CMakeFiles/pico-numpad.dir/C_/Users/ngadj/Documents/pico-sdk/src/rp2_common/pico_printf/printf.c.obj
 .text._ftoa    0x10002848      0x354 CMakeFiles/pico-numpad.dir/C_/Users/ngadj/Documents/pico-sdk/src/rp2_common/pico_printf/printf.c.obj
 .text._vsnprintf
                0x10002b9c      0x624 CMakeFiles/pico-numpad.dir/C_/Users/ngadj/Documents/pico-sdk/src/rp2_common/pico_printf/printf.c.obj
 .text.vfctprintf
                0x100031c0       0x20 CMakeFiles/pico-numpad.dir/C_/Users/ngadj/Documents/pico-sdk/src/rp2_common/pico_printf/printf.c.obj
                0x100031c0                vfctprintf
 .text          0x100031e0       0x10 CMakeFiles/pico-numpad.dir/C_/Users/ngadj/Documents/pico-sdk/src/rp2_common/pico_bit_ops/bit_ops_aeabi.S.obj
 .text.rom_func_lookup
                0x100031f0       0x10 CMakeFiles/pico-numpad.dir/C_/Users/ngadj/Documents/pico-sdk/src/rp2_common/pico_bootrom/bootrom.c.obj
                0x100031f0                rom_func_lookup
 .text.rom_data_lookup
                0x10003200       0x10 CMakeFiles/pico-numpad.dir/C_/Users/ngadj/Documents/pico-sdk/src/rp2_common/pico_bootrom/bootrom.c.obj
                0x10003200                rom_data_lookup
 .text.rom_funcs_lookup
                0x10003210       0x36 CMakeFiles/pico-numpad.dir/C_/Users/ngadj/Documents/pico-sdk/src/rp2_common/pico_bootrom/bootrom.c.obj
                0x10003210                rom_funcs_lookup
 *fill*         0x10003246        0x2 
 .text.__wrap___aeabi_idiv
                0x10003248       0x58 CMakeFiles/pico-numpad.dir/C_/Users/ngadj/Documents/pico-sdk/src/rp2_common/pico_divider/divider.S.obj
                0x10003248                __wrap___aeabi_idivmod
                0x10003248                divmod_s32s32
                0x10003248                div_s32s32
                0x10003248                __wrap___aeabi_idiv
                0x10003250                divmod_s32s32_unsafe
                0x1000327c                divmod_s32s32_savestate
 .text.__wrap___aeabi_uidiv
                0x100032a0       0x54 CMakeFiles/pico-numpad.dir/C_/Users/ngadj/Documents/pico-sdk/src/rp2_common/pico_divider/divider.S.obj
                0x100032a0                __wrap___aeabi_uidiv
                0x100032a0                __wrap___aeabi_uidivmod
                0x100032a0                div_u32u32
                0x100032a0                divmod_u32u32
                0x100032a8                divmod_u32u32_unsafe
                0x100032d0                divmod_u32u32_savestate
 .text.__wrap___aeabi_ldiv
                0x100032f4      0x430 CMakeFiles/pico-numpad.dir/C_/Users/ngadj/Documents/pico-sdk/src/rp2_common/pico_divider/divider.S.obj
                0x100032f4                div_s64s64
                0x100032f4                divmod_s64s64
                0x100032f4                __wrap___aeabi_ldivmod
                0x1000332c                divmod_u64u64
                0x1000332c                div_u64u64
                0x1000332c                __wrap___aeabi_uldivmod
                0x1000333c                divmod_u64u64_savestate
                0x10003364                divmod_s64s64_unsafe
                0x100033ec                divmod_u64u64_unsafe
 .text.__wrap___aeabi_darithmetic
                0x10003724       0x54 CMakeFiles/pico-numpad.dir/C_/Users/ngadj/Documents/pico-sdk/src/rp2_common/pico_double/double_aeabi.S.obj
                0x10003724                __wrap___aeabi_drsub
                0x1000372a                __wrap___aeabi_dsub
                0x1000373c                __wrap___aeabi_dadd
                0x1000374e                __wrap___aeabi_ddiv
                0x10003760                __wrap___aeabi_dmul
 .text.__wrap___aeabi_cdcmple
                0x10003778       0x6c CMakeFiles/pico-numpad.dir/C_/Users/ngadj/Documents/pico-sdk/src/rp2_common/pico_double/double_aeabi.S.obj
                0x10003778                __wrap___aeabi_cdrcmple
                0x10003788                __wrap___aeabi_cdcmpeq
                0x10003788                __wrap___aeabi_cdcmple
 .text.__wrap___aeabi_dcmplt
                0x100037e4        0xc CMakeFiles/pico-numpad.dir/C_/Users/ngadj/Documents/pico-sdk/src/rp2_common/pico_double/double_aeabi.S.obj
                0x100037e4                __wrap___aeabi_dcmplt
 .text.__wrap___aeabi_dcmple
                0x100037f0       0x10 CMakeFiles/pico-numpad.dir/C_/Users/ngadj/Documents/pico-sdk/src/rp2_common/pico_double/double_aeabi.S.obj
                0x100037f0                __wrap___aeabi_dcmple
 .text.__wrap___aeabi_dcmpge
                0x10003800       0x10 CMakeFiles/pico-numpad.dir/C_/Users/ngadj/Documents/pico-sdk/src/rp2_common/pico_double/double_aeabi.S.obj
                0x10003800                __wrap___aeabi_dcmpge
 .text.__wrap___aeabi_dcmpgt
                0x10003810        0xa CMakeFiles/pico-numpad.dir/C_/Users/ngadj/Documents/pico-sdk/src/rp2_common/pico_double/double_aeabi.S.obj
                0x10003810                __wrap___aeabi_dcmpgt
 .text.__wrap___aeabi_dcmpun
                0x1000381a       0x1c CMakeFiles/pico-numpad.dir/C_/Users/ngadj/Documents/pico-sdk/src/rp2_common/pico_double/double_aeabi.S.obj
                0x1000381a                __wrap___aeabi_dcmpun
 *fill*         0x10003836        0x2 
 .text.__wrap___aeabi_i2d
                0x10003838       0x38 CMakeFiles/pico-numpad.dir/C_/Users/ngadj/Documents/pico-sdk/src/rp2_common/pico_double/double_aeabi.S.obj
                0x10003838                __wrap___aeabi_ui2d
                0x10003840                __wrap___aeabi_i2d
 .text.__wrap___aeabi_d2iz
                0x10003870       0x48 CMakeFiles/pico-numpad.dir/C_/Users/ngadj/Documents/pico-sdk/src/rp2_common/pico_double/double_aeabi.S.obj
                0x10003870                double2int_z
                0x10003870                __wrap___aeabi_d2iz
 .text.__wrap___aeabi_d2uiz
                0x100038b8       0x18 CMakeFiles/pico-numpad.dir/C_/Users/ngadj/Documents/pico-sdk/src/rp2_common/pico_double/double_aeabi.S.obj
                0x100038b8                __wrap___aeabi_d2uiz
                0x100038b8                double2uint
 .text.__aeabi_double_init
                0x100038d0       0xb8 CMakeFiles/pico-numpad.dir/C_/Users/ngadj/Documents/pico-sdk/src/rp2_common/pico_double/double_init_rom.c.obj
                0x100038d0                __aeabi_double_init
 .text.double_table_shim_on_use_helper
                0x10003988       0x34 CMakeFiles/pico-numpad.dir/C_/Users/ngadj/Documents/pico-sdk/src/rp2_common/pico_double/double_v1_rom_shim.S.obj
                0x10003988                double_table_shim_on_use_helper
 .text.__wrap___aeabi_dsub
                0x100039bc       0x10 CMakeFiles/pico-numpad.dir/C_/Users/ngadj/Documents/pico-sdk/src/rp2_common/pico_double/double_v1_rom_shim.S.obj
                0x100039bc                drsub_shim
                0x100039c2                dsub_shim
 .text.dadd_shim
                0x100039cc      0x15c CMakeFiles/pico-numpad.dir/C_/Users/ngadj/Documents/pico-sdk/src/rp2_common/pico_double/double_v1_rom_shim.S.obj
                0x100039cc                dadd_shim
 .text.dmul_shim
                0x10003b28      0x15c CMakeFiles/pico-numpad.dir/C_/Users/ngadj/Documents/pico-sdk/src/rp2_common/pico_double/double_v1_rom_shim.S.obj
                0x10003b28                dmul_shim
 .text.ddiv_shim
                0x10003c84      0x1b0 CMakeFiles/pico-numpad.dir/C_/Users/ngadj/Documents/pico-sdk/src/rp2_common/pico_double/double_v1_rom_shim.S.obj
                0x10003c84                ddiv_shim
 .text.dcordic_rot_step
                0x10003e34       0x7c CMakeFiles/pico-numpad.dir/C_/Users/ngadj/Documents/pico-sdk/src/rp2_common/pico_double/double_v1_rom_shim.S.obj
                0x10003e34                dcordic_rot_step
 .text.double2uint_shim
                0x10003eb0        0xe CMakeFiles/pico-numpad.dir/C_/Users/ngadj/Documents/pico-sdk/src/rp2_common/pico_double/double_v1_rom_shim.S.obj
                0x10003eb0                double2uint_shim
                0x10003eb2                double2ufix_shim
 *fill*         0x10003ebe        0x2 
 .text.double2uint64_shim
                0x10003ec0       0x6c CMakeFiles/pico-numpad.dir/C_/Users/ngadj/Documents/pico-sdk/src/rp2_common/pico_double/double_v1_rom_shim.S.obj
                0x10003ec0                double2uint64_shim
                0x10003ec2                double2ufix64_shim
                0x10003edc                d2fix_a
 .text.dunpacks
                0x10003f2c       0x3c CMakeFiles/pico-numpad.dir/C_/Users/ngadj/Documents/pico-sdk/src/rp2_common/pico_double/double_v1_rom_shim.S.obj
                0x10003f2c                dunpacks
 .text.__aeabi_lmul
                0x10003f68       0x32 CMakeFiles/pico-numpad.dir/C_/Users/ngadj/Documents/pico-sdk/src/rp2_common/pico_int64_ops/pico_int64_ops_aeabi.S.obj
                0x10003f68                __wrap___aeabi_lmul
 *fill*         0x10003f9a        0x2 
 .text.__aeabi_float_init
                0x10003f9c       0xfc CMakeFiles/pico-numpad.dir/C_/Users/ngadj/Documents/pico-sdk/src/rp2_common/pico_float/float_init_rom.c.obj
                0x10003f9c                __aeabi_float_init
 .text.float_table_shim_on_use_helper
                0x10004098       0x34 CMakeFiles/pico-numpad.dir/C_/Users/ngadj/Documents/pico-sdk/src/rp2_common/pico_float/float_v1_rom_shim.S.obj
                0x10004098                float_table_shim_on_use_helper
 .text          0x100040cc       0x10 CMakeFiles/pico-numpad.dir/C_/Users/ngadj/Documents/pico-sdk/src/rp2_common/pico_mem_ops/mem_ops_aeabi.S.obj
                0x100040cc                __aeabi_mem_init
 .text.memset   0x100040dc        0xc CMakeFiles/pico-numpad.dir/C_/Users/ngadj/Documents/pico-sdk/src/rp2_common/pico_mem_ops/mem_ops_aeabi.S.obj
                0x100040dc                __wrap_memset
 .text.memcpy   0x100040e8        0xc CMakeFiles/pico-numpad.dir/C_/Users/ngadj/Documents/pico-sdk/src/rp2_common/pico_mem_ops/mem_ops_aeabi.S.obj
                0x100040e8                __wrap_memcpy
                0x100040e8                __wrap___aeabi_memcpy
 .text.stdio_out_chars_crlf
                0x100040f4       0x80 CMakeFiles/pico-numpad.dir/C_/Users/ngadj/Documents/pico-sdk/src/rp2_common/pico_stdio/stdio.c.obj
 .text.stdio_stack_buffer_flush
                0x10004174       0x44 CMakeFiles/pico-numpad.dir/C_/Users/ngadj/Documents/pico-sdk/src/rp2_common/pico_stdio/stdio.c.obj
 .text.stdio_buffered_printer
                0x100041b8       0x20 CMakeFiles/pico-numpad.dir/C_/Users/ngadj/Documents/pico-sdk/src/rp2_common/pico_stdio/stdio.c.obj
 .text.stdout_serialize_begin
                0x100041d8       0x2c CMakeFiles/pico-numpad.dir/C_/Users/ngadj/Documents/pico-sdk/src/rp2_common/pico_stdio/stdio.c.obj
                0x100041d8                stdout_serialize_begin
 .text.stdout_serialize_end
                0x10004204       0x10 CMakeFiles/pico-numpad.dir/C_/Users/ngadj/Documents/pico-sdk/src/rp2_common/pico_stdio/stdio.c.obj
                0x10004204                stdout_serialize_end
 .text.stdio_put_string
                0x10004214       0x84 CMakeFiles/pico-numpad.dir/C_/Users/ngadj/Documents/pico-sdk/src/rp2_common/pico_stdio/stdio.c.obj
 .text.stdio_set_driver_enabled
                0x10004298       0x38 CMakeFiles/pico-numpad.dir/C_/Users/ngadj/Documents/pico-sdk/src/rp2_common/pico_stdio/stdio.c.obj
                0x10004298                stdio_set_driver_enabled
 .text.stdio_flush
                0x100042d0       0x20 CMakeFiles/pico-numpad.dir/C_/Users/ngadj/Documents/pico-sdk/src/rp2_common/pico_stdio/stdio.c.obj
                0x100042d0                stdio_flush
 .text.__wrap_puts
                0x100042f0       0x1c CMakeFiles/pico-numpad.dir/C_/Users/ngadj/Documents/pico-sdk/src/rp2_common/pico_stdio/stdio.c.obj
                0x100042f0                __wrap_puts
 .text.__wrap_vprintf
                0x1000430c       0x44 CMakeFiles/pico-numpad.dir/C_/Users/ngadj/Documents/pico-sdk/src/rp2_common/pico_stdio/stdio.c.obj
                0x1000430c                __wrap_vprintf
 .text.__wrap_printf
                0x10004350       0x18 CMakeFiles/pico-numpad.dir/C_/Users/ngadj/Documents/pico-sdk/src/rp2_common/pico_stdio/stdio.c.obj
                0x10004350                __wrap_printf
 .text.stdio_uart_out_chars
                0x10004368       0x74 CMakeFiles/pico-numpad.dir/C_/Users/ngadj/Documents/pico-sdk/src/rp2_common/pico_stdio_uart/stdio_uart.c.obj
 .text.stdio_uart_in_chars
                0x100043dc       0x58 CMakeFiles/pico-numpad.dir/C_/Users/ngadj/Documents/pico-sdk/src/rp2_common/pico_stdio_uart/stdio_uart.c.obj
                0x100043dc                stdio_uart_in_chars
 .text.stdio_uart_init_full
                0x10004434       0x3c CMakeFiles/pico-numpad.dir/C_/Users/ngadj/Documents/pico-sdk/src/rp2_common/pico_stdio_uart/stdio_uart.c.obj
                0x10004434                stdio_uart_init_full
 .text.stdio_uart_init
                0x10004470       0x28 CMakeFiles/pico-numpad.dir/C_/Users/ngadj/Documents/pico-sdk/src/rp2_common/pico_stdio_uart/stdio_uart.c.obj
                0x10004470                stdio_uart_init
 .text.hw_endpoint_get_by_addr
                0x10004498       0x1c CMakeFiles/pico-numpad.dir/C_/Users/ngadj/Documents/pico-sdk/lib/tinyusb/src/portable/raspberrypi/rp2040/dcd_rp2040.c.obj
 .text.reset_ep0
                0x100044b4       0x2c CMakeFiles/pico-numpad.dir/C_/Users/ngadj/Documents/pico-sdk/lib/tinyusb/src/portable/raspberrypi/rp2040/dcd_rp2040.c.obj
 .text._hw_endpoint_alloc
                0x100044e0       0x7c CMakeFiles/pico-numpad.dir/C_/Users/ngadj/Documents/pico-sdk/lib/tinyusb/src/portable/raspberrypi/rp2040/dcd_rp2040.c.obj
 .text._hw_endpoint_init
                0x1000455c       0xbc CMakeFiles/pico-numpad.dir/C_/Users/ngadj/Documents/pico-sdk/lib/tinyusb/src/portable/raspberrypi/rp2040/dcd_rp2040.c.obj
 .text.hw_endpoint_init
                0x10004618       0x18 CMakeFiles/pico-numpad.dir/C_/Users/ngadj/Documents/pico-sdk/lib/tinyusb/src/portable/raspberrypi/rp2040/dcd_rp2040.c.obj
 .text.hw_handle_buff_status
                0x10004630       0xb8 CMakeFiles/pico-numpad.dir/C_/Users/ngadj/Documents/pico-sdk/lib/tinyusb/src/portable/raspberrypi/rp2040/dcd_rp2040.c.obj
 .text.dcd_rp2040_irq
                0x100046e8       0x8c CMakeFiles/pico-numpad.dir/C_/Users/ngadj/Documents/pico-sdk/lib/tinyusb/src/portable/raspberrypi/rp2040/dcd_rp2040.c.obj
 .text.hw_endpoint_xfer
                0x10004774       0x18 CMakeFiles/pico-numpad.dir/C_/Users/ngadj/Documents/pico-sdk/lib/tinyusb/src/portable/raspberrypi/rp2040/dcd_rp2040.c.obj
 .text.ep0_0len_status
                0x1000478c       0x14 CMakeFiles/pico-numpad.dir/C_/Users/ngadj/Documents/pico-sdk/lib/tinyusb/src/portable/raspberrypi/rp2040/dcd_rp2040.c.obj
 .text._hw_endpoint_stall
                0x100047a0       0x54 CMakeFiles/pico-numpad.dir/C_/Users/ngadj/Documents/pico-sdk/lib/tinyusb/src/portable/raspberrypi/rp2040/dcd_rp2040.c.obj
 .text.hw_endpoint_stall
                0x100047f4        0xc CMakeFiles/pico-numpad.dir/C_/Users/ngadj/Documents/pico-sdk/lib/tinyusb/src/portable/raspberrypi/rp2040/dcd_rp2040.c.obj
 .text._hw_endpoint_clear_stall
                0x10004800       0x34 CMakeFiles/pico-numpad.dir/C_/Users/ngadj/Documents/pico-sdk/lib/tinyusb/src/portable/raspberrypi/rp2040/dcd_rp2040.c.obj
 .text.hw_endpoint_clear_stall
                0x10004834        0xc CMakeFiles/pico-numpad.dir/C_/Users/ngadj/Documents/pico-sdk/lib/tinyusb/src/portable/raspberrypi/rp2040/dcd_rp2040.c.obj
 .text.dcd_int_enable
                0x10004840       0x2c CMakeFiles/pico-numpad.dir/C_/Users/ngadj/Documents/pico-sdk/lib/tinyusb/src/portable/raspberrypi/rp2040/dcd_rp2040.c.obj
                0x10004840                dcd_int_enable
 .text.dcd_set_address
                0x1000486c       0x30 CMakeFiles/pico-numpad.dir/C_/Users/ngadj/Documents/pico-sdk/lib/tinyusb/src/portable/raspberrypi/rp2040/dcd_rp2040.c.obj
                0x1000486c                dcd_set_address
 .text.dcd_connect
                0x1000489c       0x30 CMakeFiles/pico-numpad.dir/C_/Users/ngadj/Documents/pico-sdk/lib/tinyusb/src/portable/raspberrypi/rp2040/dcd_rp2040.c.obj
                0x1000489c                dcd_connect
 .text.dcd_init
                0x100048cc       0x90 CMakeFiles/pico-numpad.dir/C_/Users/ngadj/Documents/pico-sdk/lib/tinyusb/src/portable/raspberrypi/rp2040/dcd_rp2040.c.obj
                0x100048cc                dcd_init
 .text.dcd_edpt0_status_complete
                0x1000495c       0x44 CMakeFiles/pico-numpad.dir/C_/Users/ngadj/Documents/pico-sdk/lib/tinyusb/src/portable/raspberrypi/rp2040/dcd_rp2040.c.obj
                0x1000495c                dcd_edpt0_status_complete
 .text.dcd_edpt_open
                0x100049a0       0x40 CMakeFiles/pico-numpad.dir/C_/Users/ngadj/Documents/pico-sdk/lib/tinyusb/src/portable/raspberrypi/rp2040/dcd_rp2040.c.obj
                0x100049a0                dcd_edpt_open
 .text.dcd_edpt_xfer
                0x100049e0       0x34 CMakeFiles/pico-numpad.dir/C_/Users/ngadj/Documents/pico-sdk/lib/tinyusb/src/portable/raspberrypi/rp2040/dcd_rp2040.c.obj
                0x100049e0                dcd_edpt_xfer
 .text.dcd_edpt_stall
                0x10004a14       0x28 CMakeFiles/pico-numpad.dir/C_/Users/ngadj/Documents/pico-sdk/lib/tinyusb/src/portable/raspberrypi/rp2040/dcd_rp2040.c.obj
                0x10004a14                dcd_edpt_stall
 .text.dcd_edpt_clear_stall
                0x10004a3c       0x28 CMakeFiles/pico-numpad.dir/C_/Users/ngadj/Documents/pico-sdk/lib/tinyusb/src/portable/raspberrypi/rp2040/dcd_rp2040.c.obj
                0x10004a3c                dcd_edpt_clear_stall
 .text.rp2040_usb_init
                0x10004a64       0x50 CMakeFiles/pico-numpad.dir/C_/Users/ngadj/Documents/pico-sdk/lib/tinyusb/src/portable/raspberrypi/rp2040/rp2040_usb.c.obj
                0x10004a64                rp2040_usb_init
 .text.hw_endpoint_reset_transfer
                0x10004ab4       0x14 CMakeFiles/pico-numpad.dir/C_/Users/ngadj/Documents/pico-sdk/lib/tinyusb/src/portable/raspberrypi/rp2040/rp2040_usb.c.obj
                0x10004ab4                hw_endpoint_reset_transfer
 .text._hw_endpoint_buffer_control_update32
                0x10004ac8       0x54 CMakeFiles/pico-numpad.dir/C_/Users/ngadj/Documents/pico-sdk/lib/tinyusb/src/portable/raspberrypi/rp2040/rp2040_usb.c.obj
                0x10004ac8                _hw_endpoint_buffer_control_update32
 .text._hw_endpoint_start_next_buffer
                0x10004b1c       0x5a CMakeFiles/pico-numpad.dir/C_/Users/ngadj/Documents/pico-sdk/lib/tinyusb/src/portable/raspberrypi/rp2040/rp2040_usb.c.obj
                0x10004b1c                _hw_endpoint_start_next_buffer
 .text._hw_endpoint_xfer_start
                0x10004b76       0x46 CMakeFiles/pico-numpad.dir/C_/Users/ngadj/Documents/pico-sdk/lib/tinyusb/src/portable/raspberrypi/rp2040/rp2040_usb.c.obj
                0x10004b76                _hw_endpoint_xfer_start
 .text._hw_endpoint_xfer_sync
                0x10004bbc       0x74 CMakeFiles/pico-numpad.dir/C_/Users/ngadj/Documents/pico-sdk/lib/tinyusb/src/portable/raspberrypi/rp2040/rp2040_usb.c.obj
                0x10004bbc                _hw_endpoint_xfer_sync
 .text._hw_endpoint_xfer_continue
                0x10004c30       0x58 CMakeFiles/pico-numpad.dir/C_/Users/ngadj/Documents/pico-sdk/lib/tinyusb/src/portable/raspberrypi/rp2040/rp2040_usb.c.obj
                0x10004c30                _hw_endpoint_xfer_continue
 .text._hw_endpoint_xfer
                0x10004c88       0x34 CMakeFiles/pico-numpad.dir/C_/Users/ngadj/Documents/pico-sdk/lib/tinyusb/src/portable/raspberrypi/rp2040/rp2040_usb.c.obj
                0x10004c88                _hw_endpoint_xfer
 .text.mark_interface_endpoint
                0x10004cbc       0x2a CMakeFiles/pico-numpad.dir/C_/Users/ngadj/Documents/pico-sdk/lib/tinyusb/src/device/usbd.c.obj
 *fill*         0x10004ce6        0x2 
 .text.usbd_reset
                0x10004ce8       0x88 CMakeFiles/pico-numpad.dir/C_/Users/ngadj/Documents/pico-sdk/lib/tinyusb/src/device/usbd.c.obj
 .text.invoke_class_control
                0x10004d70       0x18 CMakeFiles/pico-numpad.dir/C_/Users/ngadj/Documents/pico-sdk/lib/tinyusb/src/device/usbd.c.obj
 .text.process_set_config
                0x10004d88      0x1d0 CMakeFiles/pico-numpad.dir/C_/Users/ngadj/Documents/pico-sdk/lib/tinyusb/src/device/usbd.c.obj
 .text.process_get_descriptor
                0x10004f58       0xf4 CMakeFiles/pico-numpad.dir/C_/Users/ngadj/Documents/pico-sdk/lib/tinyusb/src/device/usbd.c.obj
 .text.tud_mounted
                0x1000504c       0x10 CMakeFiles/pico-numpad.dir/C_/Users/ngadj/Documents/pico-sdk/lib/tinyusb/src/device/usbd.c.obj
                0x1000504c                tud_mounted
 .text.tud_suspended
                0x1000505c       0x10 CMakeFiles/pico-numpad.dir/C_/Users/ngadj/Documents/pico-sdk/lib/tinyusb/src/device/usbd.c.obj
                0x1000505c                tud_suspended
 .text.tud_init
                0x1000506c       0xb8 CMakeFiles/pico-numpad.dir/C_/Users/ngadj/Documents/pico-sdk/lib/tinyusb/src/device/usbd.c.obj
                0x1000506c                tud_init
 .text.dcd_event_handler
                0x10005124      0x1c4 CMakeFiles/pico-numpad.dir/C_/Users/ngadj/Documents/pico-sdk/lib/tinyusb/src/device/usbd.c.obj
                0x10005124                dcd_event_handler
 .text.dcd_event_bus_signal
                0x100052e8       0x26 CMakeFiles/pico-numpad.dir/C_/Users/ngadj/Documents/pico-sdk/lib/tinyusb/src/device/usbd.c.obj
                0x100052e8                dcd_event_bus_signal
 .text.dcd_event_setup_received
                0x1000530e       0x34 CMakeFiles/pico-numpad.dir/C_/Users/ngadj/Documents/pico-sdk/lib/tinyusb/src/device/usbd.c.obj
                0x1000530e                dcd_event_setup_received
 .text.dcd_event_xfer_complete
                0x10005342       0x44 CMakeFiles/pico-numpad.dir/C_/Users/ngadj/Documents/pico-sdk/lib/tinyusb/src/device/usbd.c.obj
                0x10005342                dcd_event_xfer_complete
 .text.usbd_edpt_open
                0x10005386        0x8 CMakeFiles/pico-numpad.dir/C_/Users/ngadj/Documents/pico-sdk/lib/tinyusb/src/device/usbd.c.obj
                0x10005386                usbd_edpt_open
 *fill*         0x1000538e        0x2 
 .text.usbd_open_edpt_pair
                0x10005390       0x8c CMakeFiles/pico-numpad.dir/C_/Users/ngadj/Documents/pico-sdk/lib/tinyusb/src/device/usbd.c.obj
                0x10005390                usbd_open_edpt_pair
 .text.usbd_edpt_claim
                0x1000541c       0x8c CMakeFiles/pico-numpad.dir/C_/Users/ngadj/Documents/pico-sdk/lib/tinyusb/src/device/usbd.c.obj
                0x1000541c                usbd_edpt_claim
 .text.usbd_edpt_xfer
                0x100054a8       0x80 CMakeFiles/pico-numpad.dir/C_/Users/ngadj/Documents/pico-sdk/lib/tinyusb/src/device/usbd.c.obj
                0x100054a8                usbd_edpt_xfer
 .text.usbd_edpt_busy
                0x10005528       0x1c CMakeFiles/pico-numpad.dir/C_/Users/ngadj/Documents/pico-sdk/lib/tinyusb/src/device/usbd.c.obj
                0x10005528                usbd_edpt_busy
 .text.usbd_edpt_stall
                0x10005544       0x2c CMakeFiles/pico-numpad.dir/C_/Users/ngadj/Documents/pico-sdk/lib/tinyusb/src/device/usbd.c.obj
                0x10005544                usbd_edpt_stall
 .text.usbd_edpt_clear_stall
                0x10005570       0x2c CMakeFiles/pico-numpad.dir/C_/Users/ngadj/Documents/pico-sdk/lib/tinyusb/src/device/usbd.c.obj
                0x10005570                usbd_edpt_clear_stall
 .text.usbd_edpt_stalled
                0x1000559c       0x1c CMakeFiles/pico-numpad.dir/C_/Users/ngadj/Documents/pico-sdk/lib/tinyusb/src/device/usbd.c.obj
                0x1000559c                usbd_edpt_stalled
 .text.process_control_request
                0x100055b8      0x37c CMakeFiles/pico-numpad.dir/C_/Users/ngadj/Documents/pico-sdk/lib/tinyusb/src/device/usbd.c.obj
 .text.tud_task
                0x10005934      0x204 CMakeFiles/pico-numpad.dir/C_/Users/ngadj/Documents/pico-sdk/lib/tinyusb/src/device/usbd.c.obj
                0x10005934                tud_task
 .text._data_stage_xact
                0x10005b38       0x58 CMakeFiles/pico-numpad.dir/C_/Users/ngadj/Documents/pico-sdk/lib/tinyusb/src/device/usbd_control.c.obj
 .text.tud_control_status
                0x10005b90       0x38 CMakeFiles/pico-numpad.dir/C_/Users/ngadj/Documents/pico-sdk/lib/tinyusb/src/device/usbd_control.c.obj
                0x10005b90                tud_control_status
 .text.tud_control_xfer
                0x10005bc8       0xa8 CMakeFiles/pico-numpad.dir/C_/Users/ngadj/Documents/pico-sdk/lib/tinyusb/src/device/usbd_control.c.obj
                0x10005bc8                tud_control_xfer
 .text.usbd_control_reset
                0x10005c70       0x14 CMakeFiles/pico-numpad.dir/C_/Users/ngadj/Documents/pico-sdk/lib/tinyusb/src/device/usbd_control.c.obj
                0x10005c70                usbd_control_reset
 .text.usbd_control_set_complete_callback
                0x10005c84        0xc CMakeFiles/pico-numpad.dir/C_/Users/ngadj/Documents/pico-sdk/lib/tinyusb/src/device/usbd_control.c.obj
                0x10005c84                usbd_control_set_complete_callback
 .text.usbd_control_set_request
                0x10005c90       0x1c CMakeFiles/pico-numpad.dir/C_/Users/ngadj/Documents/pico-sdk/lib/tinyusb/src/device/usbd_control.c.obj
                0x10005c90                usbd_control_set_request
 .text.usbd_control_xfer_cb
                0x10005cac       0xe8 CMakeFiles/pico-numpad.dir/C_/Users/ngadj/Documents/pico-sdk/lib/tinyusb/src/device/usbd_control.c.obj
                0x10005cac                usbd_control_xfer_cb
 .text.tud_hid_n_ready
                0x10005d94       0x50 CMakeFiles/pico-numpad.dir/C_/Users/ngadj/Documents/pico-sdk/lib/tinyusb/src/class/hid/hid_device.c.obj
                0x10005d94                tud_hid_n_ready
 .text.tud_hid_n_report
                0x10005de4       0x84 CMakeFiles/pico-numpad.dir/C_/Users/ngadj/Documents/pico-sdk/lib/tinyusb/src/class/hid/hid_device.c.obj
                0x10005de4                tud_hid_n_report
 .text.tud_hid_n_keyboard_report
                0x10005e68       0x36 CMakeFiles/pico-numpad.dir/C_/Users/ngadj/Documents/pico-sdk/lib/tinyusb/src/class/hid/hid_device.c.obj
                0x10005e68                tud_hid_n_keyboard_report
 *fill*         0x10005e9e        0x2 
 .text.hidd_reset
                0x10005ea0       0x14 CMakeFiles/pico-numpad.dir/C_/Users/ngadj/Documents/pico-sdk/lib/tinyusb/src/class/hid/hid_device.c.obj
                0x10005ea0                hidd_reset
 .text.hidd_init
                0x10005eb4        0xa CMakeFiles/pico-numpad.dir/C_/Users/ngadj/Documents/pico-sdk/lib/tinyusb/src/class/hid/hid_device.c.obj
                0x10005eb4                hidd_init
 *fill*         0x10005ebe        0x2 
 .text.hidd_open
                0x10005ec0      0x100 CMakeFiles/pico-numpad.dir/C_/Users/ngadj/Documents/pico-sdk/lib/tinyusb/src/class/hid/hid_device.c.obj
                0x10005ec0                hidd_open
 .text.hidd_control_request
                0x10005fc0      0x1d0 CMakeFiles/pico-numpad.dir/C_/Users/ngadj/Documents/pico-sdk/lib/tinyusb/src/class/hid/hid_device.c.obj
                0x10005fc0                hidd_control_request
 .text.hidd_control_complete
                0x10006190       0x64 CMakeFiles/pico-numpad.dir/C_/Users/ngadj/Documents/pico-sdk/lib/tinyusb/src/class/hid/hid_device.c.obj
                0x10006190                hidd_control_complete
 .text.hidd_xfer_cb
                0x100061f4       0x5c CMakeFiles/pico-numpad.dir/C_/Users/ngadj/Documents/pico-sdk/lib/tinyusb/src/class/hid/hid_device.c.obj
                0x100061f4                hidd_xfer_cb
 .text.tusb_init
                0x10006250       0x38 CMakeFiles/pico-numpad.dir/C_/Users/ngadj/Documents/pico-sdk/lib/tinyusb/src/tusb.c.obj
                0x10006250                tusb_init
 .text.tusb_inited
                0x10006288        0xc CMakeFiles/pico-numpad.dir/C_/Users/ngadj/Documents/pico-sdk/lib/tinyusb/src/tusb.c.obj
                0x10006288                tusb_inited
 .text.advance_pointer
                0x10006294       0x1e CMakeFiles/pico-numpad.dir/C_/Users/ngadj/Documents/pico-sdk/lib/tinyusb/src/common/tusb_fifo.c.obj
 .text.backward_pointer
                0x100062b2       0x1a CMakeFiles/pico-numpad.dir/C_/Users/ngadj/Documents/pico-sdk/lib/tinyusb/src/common/tusb_fifo.c.obj
 .text.get_relative_pointer
                0x100062cc       0x16 CMakeFiles/pico-numpad.dir/C_/Users/ngadj/Documents/pico-sdk/lib/tinyusb/src/common/tusb_fifo.c.obj
 .text.tu_fifo_lock
                0x100062e2       0x12 CMakeFiles/pico-numpad.dir/C_/Users/ngadj/Documents/pico-sdk/lib/tinyusb/src/common/tusb_fifo.c.obj
 .text.tu_fifo_unlock
                0x100062f4        0xe CMakeFiles/pico-numpad.dir/C_/Users/ngadj/Documents/pico-sdk/lib/tinyusb/src/common/tusb_fifo.c.obj
 .text._tu_fifo_peek_at
                0x10006302       0x66 CMakeFiles/pico-numpad.dir/C_/Users/ngadj/Documents/pico-sdk/lib/tinyusb/src/common/tusb_fifo.c.obj
 .text.tu_fifo_read
                0x10006368       0x3a CMakeFiles/pico-numpad.dir/C_/Users/ngadj/Documents/pico-sdk/lib/tinyusb/src/common/tusb_fifo.c.obj
                0x10006368                tu_fifo_read
 .text.tu_fifo_write
                0x100063a2       0x5c CMakeFiles/pico-numpad.dir/C_/Users/ngadj/Documents/pico-sdk/lib/tinyusb/src/common/tusb_fifo.c.obj
                0x100063a2                tu_fifo_write
 .text.tu_fifo_clear
                0x100063fe       0x18 CMakeFiles/pico-numpad.dir/C_/Users/ngadj/Documents/pico-sdk/lib/tinyusb/src/common/tusb_fifo.c.obj
                0x100063fe                tu_fifo_clear
 .text.board_init
                0x10006416       0x18 CMakeFiles/pico-numpad.dir/C_/Users/ngadj/Documents/pico-sdk/lib/tinyusb/hw/bsp/raspberry_pi_pico/board_raspberry_pi_pico.c.obj
                0x10006416                board_init
 *fill*         0x1000642e        0x2 
 .text.strlen   0x10006430       0x5c c:/progra~2/gnuarm~1/102020~1/bin/../lib/gcc/arm-none-eabi/10.2.1/../../../../arm-none-eabi/lib/thumb/v6-m/nofp\libg.a(lib_a-strlen-stub.o)
                0x10006430                strlen
 *(.fini)
 .fini          0x1000648c        0x4 c:/progra~2/gnuarm~1/102020~1/bin/../lib/gcc/arm-none-eabi/10.2.1/thumb/v6-m/nofp/crti.o
                0x1000648c                _fini
 .fini.__stub   0x10006490       0x60 linker stubs
 *crtbegin.o(.ctors)
 *crtbegin?.o(.ctors)
 *(EXCLUDE_FILE(*crtend.o *crtend?.o) .ctors)
 *(SORT_BY_NAME(.ctors.*))
 *(.ctors)
 *crtbegin.o(.dtors)
 *crtbegin?.o(.dtors)
 *(EXCLUDE_FILE(*crtend.o *crtend?.o) .dtors)
 *(SORT_BY_NAME(.dtors.*))
 *(.dtors)
 *(.eh_frame*)
 .eh_frame      0x100064f0        0x0 c:/progra~2/gnuarm~1/102020~1/bin/../lib/gcc/arm-none-eabi/10.2.1/thumb/v6-m/nofp/crtbegin.o
                0x100064f0                . = ALIGN (0x4)

.glue_7         0x100064f0        0x0
 .glue_7        0x100064f0        0x0 linker stubs

.glue_7t        0x100064f0        0x0
 .glue_7t       0x100064f0        0x0 linker stubs

.vfp11_veneer   0x100064f0        0x0
 .vfp11_veneer  0x100064f0        0x0 linker stubs

.v4_bx          0x100064f0        0x0
 .v4_bx         0x100064f0        0x0 linker stubs

.iplt           0x100064f0        0x0
 .iplt          0x100064f0        0x0 c:/progra~2/gnuarm~1/102020~1/bin/../lib/gcc/arm-none-eabi/10.2.1/thumb/v6-m/nofp/crtbegin.o

.rodata         0x100064f0     0x149c
 *(EXCLUDE_FILE(*libm.a: *libc.a:*lib_a-mem*.o *libgcc.a:) .rodata*)
 .rodata.SW_GPIO
                0x100064f0       0x16 CMakeFiles/pico-numpad.dir/pico-numpad.c.obj
                0x100064f0                SW_GPIO
 *fill*         0x10006506        0x2 
 .rodata.SW_KEYCODE
                0x10006508       0x15 CMakeFiles/pico-numpad.dir/pico-numpad.c.obj
                0x10006508                SW_KEYCODE
 *fill*         0x1000651d        0x3 
 .rodata.str1.4
                0x10006520       0x1f CMakeFiles/pico-numpad.dir/usb_descriptors.c.obj
 *fill*         0x1000653f        0x1 
 .rodata.__compound_literal.0
                0x10006540        0x2 CMakeFiles/pico-numpad.dir/usb_descriptors.c.obj
 *fill*         0x10006542        0x2 
 .rodata.desc_configuration
                0x10006544       0x22 CMakeFiles/pico-numpad.dir/usb_descriptors.c.obj
                0x10006544                desc_configuration
 *fill*         0x10006566        0x2 
 .rodata.desc_device
                0x10006568       0x12 CMakeFiles/pico-numpad.dir/usb_descriptors.c.obj
                0x10006568                desc_device
 *fill*         0x1000657a        0x2 
 .rodata.desc_hid_report
                0x1000657c       0x29 CMakeFiles/pico-numpad.dir/usb_descriptors.c.obj
                0x1000657c                desc_hid_report
 *fill*         0x100065a5        0x3 
 .rodata.spin_lock_claim_unused.str1.4
                0x100065a8       0x1b CMakeFiles/pico-numpad.dir/C_/Users/ngadj/Documents/pico-sdk/src/rp2_common/hardware_sync/sync.c.obj
 *fill*         0x100065c3        0x1 
 .rodata.repeating_timer_callback.str1.4
                0x100065c4       0x52 CMakeFiles/pico-numpad.dir/C_/Users/ngadj/Documents/pico-sdk/src/common/pico_time/time.c.obj
 *fill*         0x10006616        0x2 
 .rodata.alarm_pool_dump_key.str1.4
                0x10006618       0x33 CMakeFiles/pico-numpad.dir/C_/Users/ngadj/Documents/pico-sdk/src/common/pico_time/time.c.obj
 *fill*         0x1000664b        0x1 
 .rodata.ph_add_child_node.str1.4
                0x1000664c       0x9e CMakeFiles/pico-numpad.dir/C_/Users/ngadj/Documents/pico-sdk/src/common/pico_time/time.c.obj
 *fill*         0x100066ea        0x2 
 .rodata.add_alarm_under_lock.str1.4
                0x100066ec       0x28 CMakeFiles/pico-numpad.dir/C_/Users/ngadj/Documents/pico-sdk/src/common/pico_time/time.c.obj
                                 0x2b (size before relaxing)
 .rodata.alarm_pool_alarm_callback.str1.4
                0x10006714       0xea CMakeFiles/pico-numpad.dir/C_/Users/ngadj/Documents/pico-sdk/src/common/pico_time/time.c.obj
 *fill*         0x100067fe        0x2 
 .rodata.alarm_pool_get_default.str1.4
                0x10006800       0x21 CMakeFiles/pico-numpad.dir/C_/Users/ngadj/Documents/pico-sdk/src/common/pico_time/time.c.obj
 *fill*         0x10006821        0x3 
 .rodata.alarm_pool_cancel_alarm.str1.4
                0x10006824       0x27 CMakeFiles/pico-numpad.dir/C_/Users/ngadj/Documents/pico-sdk/src/common/pico_time/time.c.obj
 *fill*         0x1000684b        0x1 
 .rodata.__func__.1
                0x1000684c       0x18 CMakeFiles/pico-numpad.dir/C_/Users/ngadj/Documents/pico-sdk/src/common/pico_time/time.c.obj
 .rodata.__func__.10
                0x10006864       0x15 CMakeFiles/pico-numpad.dir/C_/Users/ngadj/Documents/pico-sdk/src/common/pico_time/time.c.obj
 *fill*         0x10006879        0x3 
 .rodata.__func__.11
                0x1000687c       0x1a CMakeFiles/pico-numpad.dir/C_/Users/ngadj/Documents/pico-sdk/src/common/pico_time/time.c.obj
 *fill*         0x10006896        0x2 
 .rodata.__func__.12
                0x10006898        0xa CMakeFiles/pico-numpad.dir/C_/Users/ngadj/Documents/pico-sdk/src/common/pico_time/time.c.obj
 *fill*         0x100068a2        0x2 
 .rodata.__func__.3
                0x100068a4       0x17 CMakeFiles/pico-numpad.dir/C_/Users/ngadj/Documents/pico-sdk/src/common/pico_time/time.c.obj
 *fill*         0x100068bb        0x1 
 .rodata.__func__.4
                0x100068bc       0x12 CMakeFiles/pico-numpad.dir/C_/Users/ngadj/Documents/pico-sdk/src/common/pico_time/time.c.obj
 *fill*         0x100068ce        0x2 
 .rodata.__func__.5
                0x100068d0        0xd CMakeFiles/pico-numpad.dir/C_/Users/ngadj/Documents/pico-sdk/src/common/pico_time/time.c.obj
 *fill*         0x100068dd        0x3 
 .rodata.__func__.6
                0x100068e0       0x12 CMakeFiles/pico-numpad.dir/C_/Users/ngadj/Documents/pico-sdk/src/common/pico_time/time.c.obj
 *fill*         0x100068f2        0x2 
 .rodata.__func__.7
                0x100068f4        0xf CMakeFiles/pico-numpad.dir/C_/Users/ngadj/Documents/pico-sdk/src/common/pico_time/time.c.obj
 *fill*         0x10006903        0x1 
 .rodata.__func__.8
                0x10006904        0xc CMakeFiles/pico-numpad.dir/C_/Users/ngadj/Documents/pico-sdk/src/common/pico_time/time.c.obj
 .rodata.__func__.9
                0x10006910       0x15 CMakeFiles/pico-numpad.dir/C_/Users/ngadj/Documents/pico-sdk/src/common/pico_time/time.c.obj
 *fill*         0x10006925        0x3 
 .rodata.hardware_alarm_claim.str1.4
                0x10006928       0x22 CMakeFiles/pico-numpad.dir/C_/Users/ngadj/Documents/pico-sdk/src/rp2_common/hardware_timer/timer.c.obj
 *fill*         0x1000694a        0x2 
 .rodata.hardware_alarm_set_target.str1.4
                0x1000694c       0x6c CMakeFiles/pico-numpad.dir/C_/Users/ngadj/Documents/pico-sdk/src/rp2_common/hardware_timer/timer.c.obj
 .rodata.__func__.0
                0x100069b8       0x1a CMakeFiles/pico-numpad.dir/C_/Users/ngadj/Documents/pico-sdk/src/rp2_common/hardware_timer/timer.c.obj
 *fill*         0x100069d2        0x2 
 .rodata.str1.4
                0x100069d4       0x64 CMakeFiles/pico-numpad.dir/C_/Users/ngadj/Documents/pico-sdk/src/common/pico_sync/mutex.c.obj
                                 0xcc (size before relaxing)
 .rodata.__func__.0
                0x10006a38        0xb CMakeFiles/pico-numpad.dir/C_/Users/ngadj/Documents/pico-sdk/src/common/pico_sync/mutex.c.obj
 *fill*         0x10006a43        0x1 
 .rodata.__func__.1
                0x10006a44       0x18 CMakeFiles/pico-numpad.dir/C_/Users/ngadj/Documents/pico-sdk/src/common/pico_sync/mutex.c.obj
 .rodata.__func__.2
                0x10006a5c       0x15 CMakeFiles/pico-numpad.dir/C_/Users/ngadj/Documents/pico-sdk/src/common/pico_sync/mutex.c.obj
 *fill*         0x10006a71        0x3 
 .rodata.__func__.3
                0x10006a74       0x15 CMakeFiles/pico-numpad.dir/C_/Users/ngadj/Documents/pico-sdk/src/common/pico_sync/mutex.c.obj
 .rodata.ph_add_child_node.str1.4
                0x10006a89       0x9e CMakeFiles/pico-numpad.dir/C_/Users/ngadj/Documents/pico-sdk/src/common/pico_util/pheap.c.obj
 *fill*         0x10006a89        0x3 
 .rodata.ph_remove_any_head.str1.4
                0x10006a8c       0x94 CMakeFiles/pico-numpad.dir/C_/Users/ngadj/Documents/pico-sdk/src/common/pico_util/pheap.c.obj
 .rodata.ph_remove_and_free_node.str1.4
                0x10006b20       0x26 CMakeFiles/pico-numpad.dir/C_/Users/ngadj/Documents/pico-sdk/src/common/pico_util/pheap.c.obj
 *fill*         0x10006b46        0x2 
 .rodata.__func__.0
                0x10006b48       0x18 CMakeFiles/pico-numpad.dir/C_/Users/ngadj/Documents/pico-sdk/src/common/pico_util/pheap.c.obj
 .rodata.__func__.1
                0x10006b60       0x13 CMakeFiles/pico-numpad.dir/C_/Users/ngadj/Documents/pico-sdk/src/common/pico_util/pheap.c.obj
 *fill*         0x10006b73        0x1 
 .rodata.__func__.2
                0x10006b74       0x12 CMakeFiles/pico-numpad.dir/C_/Users/ngadj/Documents/pico-sdk/src/common/pico_util/pheap.c.obj
 *fill*         0x10006b86        0x2 
 .rodata.__func__.3
                0x10006b88        0xc CMakeFiles/pico-numpad.dir/C_/Users/ngadj/Documents/pico-sdk/src/common/pico_util/pheap.c.obj
 .rodata.__assert_func.str1.4
                0x10006b94       0x3f CMakeFiles/pico-numpad.dir/C_/Users/ngadj/Documents/pico-sdk/src/rp2_common/pico_runtime/runtime.c.obj
                                 0x43 (size before relaxing)
 *fill*         0x10006bd3        0x1 
 .rodata.panic.str1.4
                0x10006bd4       0x12 CMakeFiles/pico-numpad.dir/C_/Users/ngadj/Documents/pico-sdk/src/rp2_common/pico_runtime/runtime.c.obj
 *fill*         0x10006be6        0x2 
 .rodata.clock_configure.str1.4
                0x10006be8       0x5e CMakeFiles/pico-numpad.dir/C_/Users/ngadj/Documents/pico-sdk/src/rp2_common/hardware_clocks/clocks.c.obj
 *fill*         0x10006c46        0x2 
 .rodata.__func__.1
                0x10006c48       0x10 CMakeFiles/pico-numpad.dir/C_/Users/ngadj/Documents/pico-sdk/src/rp2_common/hardware_clocks/clocks.c.obj
 .rodata.pll_init.str1.4
                0x10006c58       0xdf CMakeFiles/pico-numpad.dir/C_/Users/ngadj/Documents/pico-sdk/src/rp2_common/hardware_pll/pll.c.obj
 *fill*         0x10006d37        0x1 
 .rodata.__func__.0
                0x10006d38        0x9 CMakeFiles/pico-numpad.dir/C_/Users/ngadj/Documents/pico-sdk/src/rp2_common/hardware_pll/pll.c.obj
 *fill*         0x10006d41        0x3 
 .rodata.make_branch.str1.4
                0x10006d44       0x54 CMakeFiles/pico-numpad.dir/C_/Users/ngadj/Documents/pico-sdk/src/rp2_common/hardware_irq/irq.c.obj
 .rodata.irq_set_exclusive_handler.str1.4
                0x10006d98       0x36 CMakeFiles/pico-numpad.dir/C_/Users/ngadj/Documents/pico-sdk/src/rp2_common/hardware_irq/irq.c.obj
 *fill*         0x10006dce        0x2 
 .rodata.irq_add_shared_handler.str1.4
                0x10006dd0       0xd9 CMakeFiles/pico-numpad.dir/C_/Users/ngadj/Documents/pico-sdk/src/rp2_common/hardware_irq/irq.c.obj
 *fill*         0x10006ea9        0x3 
 .rodata.irq_remove_handler.str1.4
                0x10006eac       0x2a CMakeFiles/pico-numpad.dir/C_/Users/ngadj/Documents/pico-sdk/src/rp2_common/hardware_irq/irq.c.obj
 *fill*         0x10006ed6        0x2 
 .rodata.irq_add_tail_to_free_list.str1.4
                0x10006ed8       0x32 CMakeFiles/pico-numpad.dir/C_/Users/ngadj/Documents/pico-sdk/src/rp2_common/hardware_irq/irq.c.obj
                                 0x3a (size before relaxing)
 *fill*         0x10006f0a        0x2 
 .rodata.__func__.0
                0x10006f0c       0x1a CMakeFiles/pico-numpad.dir/C_/Users/ngadj/Documents/pico-sdk/src/rp2_common/hardware_irq/irq.c.obj
 *fill*         0x10006f26        0x2 
 .rodata.__func__.1
                0x10006f28       0x17 CMakeFiles/pico-numpad.dir/C_/Users/ngadj/Documents/pico-sdk/src/rp2_common/hardware_irq/irq.c.obj
 *fill*         0x10006f3f        0x1 
 .rodata.__func__.2
                0x10006f40       0x13 CMakeFiles/pico-numpad.dir/C_/Users/ngadj/Documents/pico-sdk/src/rp2_common/hardware_irq/irq.c.obj
 *fill*         0x10006f53        0x1 
 .rodata.__func__.3
                0x10006f54        0xc CMakeFiles/pico-numpad.dir/C_/Users/ngadj/Documents/pico-sdk/src/rp2_common/hardware_irq/irq.c.obj
 .rodata.__func__.4
                0x10006f60        0xf CMakeFiles/pico-numpad.dir/C_/Users/ngadj/Documents/pico-sdk/src/rp2_common/hardware_irq/irq.c.obj
 *fill*         0x10006f6f        0x1 
 .rodata.__func__.6
                0x10006f70       0x1a CMakeFiles/pico-numpad.dir/C_/Users/ngadj/Documents/pico-sdk/src/rp2_common/hardware_irq/irq.c.obj
 *fill*         0x10006f8a        0x2 
 .rodata._ftoa.str1.4
                0x10006f8c       0x15 CMakeFiles/pico-numpad.dir/C_/Users/ngadj/Documents/pico-sdk/src/rp2_common/pico_printf/printf.c.obj
 *fill*         0x10006fa1        0x3 
 .rodata._vsnprintf
                0x10006fa4      0x1e0 CMakeFiles/pico-numpad.dir/C_/Users/ngadj/Documents/pico-sdk/src/rp2_common/pico_printf/printf.c.obj
 *fill*         0x10007184        0x4 
 .rodata.pow10.0
                0x10007188       0x50 CMakeFiles/pico-numpad.dir/C_/Users/ngadj/Documents/pico-sdk/src/rp2_common/pico_printf/printf.c.obj
 .rodata.__aeabi_double_init.str1.4
                0x100071d8       0xaf CMakeFiles/pico-numpad.dir/C_/Users/ngadj/Documents/pico-sdk/src/rp2_common/pico_double/double_init_rom.c.obj
 *fill*         0x10007287        0x1 
 .rodata.__func__.0
                0x10007288       0x14 CMakeFiles/pico-numpad.dir/C_/Users/ngadj/Documents/pico-sdk/src/rp2_common/pico_double/double_init_rom.c.obj
 .rodata.__aeabi_float_init.str1.4
                0x1000729c       0x81 CMakeFiles/pico-numpad.dir/C_/Users/ngadj/Documents/pico-sdk/src/rp2_common/pico_float/float_init_rom.c.obj
                                 0x85 (size before relaxing)
 *fill*         0x1000731d        0x3 
 .rodata.__func__.0
                0x10007320       0x13 CMakeFiles/pico-numpad.dir/C_/Users/ngadj/Documents/pico-sdk/src/rp2_common/pico_float/float_init_rom.c.obj
 *fill*         0x10007333        0x1 
 .rodata.str1.4
                0x10007334       0x40 CMakeFiles/pico-numpad.dir/C_/Users/ngadj/Documents/pico-sdk/src/rp2_common/pico_standard_link/binary_info.c.obj
 .rodata.__bi_44
                0x10007374        0xc CMakeFiles/pico-numpad.dir/C_/Users/ngadj/Documents/pico-sdk/src/rp2_common/pico_standard_link/binary_info.c.obj
 .rodata.__bi_75
                0x10007380        0xc CMakeFiles/pico-numpad.dir/C_/Users/ngadj/Documents/pico-sdk/src/rp2_common/pico_standard_link/binary_info.c.obj
 .rodata.__bi_81
                0x1000738c        0xc CMakeFiles/pico-numpad.dir/C_/Users/ngadj/Documents/pico-sdk/src/rp2_common/pico_standard_link/binary_info.c.obj
 .rodata.crlf_str.2
                0x10007398        0x2 CMakeFiles/pico-numpad.dir/C_/Users/ngadj/Documents/pico-sdk/src/rp2_common/pico_stdio/stdio.c.obj
 *fill*         0x1000739a        0x2 
 .rodata.str1.4
                0x1000739c       0x2c CMakeFiles/pico-numpad.dir/C_/Users/ngadj/Documents/pico-sdk/src/rp2_common/pico_stdio_uart/stdio_uart.c.obj
 .rodata.__bi_28.4
                0x100073c8        0xc CMakeFiles/pico-numpad.dir/C_/Users/ngadj/Documents/pico-sdk/src/rp2_common/pico_stdio_uart/stdio_uart.c.obj
 .rodata.__bi_29.5
                0x100073d4        0x8 CMakeFiles/pico-numpad.dir/C_/Users/ngadj/Documents/pico-sdk/src/rp2_common/pico_stdio_uart/stdio_uart.c.obj
 .rodata._hw_endpoint_alloc.str1.4
                0x100073dc       0xbd CMakeFiles/pico-numpad.dir/C_/Users/ngadj/Documents/pico-sdk/lib/tinyusb/src/portable/raspberrypi/rp2040/dcd_rp2040.c.obj
 *fill*         0x10007499        0x3 
 .rodata._hw_endpoint_init.str1.4
                0x1000749c       0x28 CMakeFiles/pico-numpad.dir/C_/Users/ngadj/Documents/pico-sdk/lib/tinyusb/src/portable/raspberrypi/rp2040/dcd_rp2040.c.obj
 .rodata.hw_handle_buff_status.str1.4
                0x100074c4        0xb CMakeFiles/pico-numpad.dir/C_/Users/ngadj/Documents/pico-sdk/lib/tinyusb/src/portable/raspberrypi/rp2040/dcd_rp2040.c.obj
 *fill*         0x100074cf        0x1 
 .rodata.dcd_rp2040_irq.str1.4
                0x100074d0       0x14 CMakeFiles/pico-numpad.dir/C_/Users/ngadj/Documents/pico-sdk/lib/tinyusb/src/portable/raspberrypi/rp2040/dcd_rp2040.c.obj
 .rodata._hw_endpoint_stall.str1.4
                0x100074e4        0xd CMakeFiles/pico-numpad.dir/C_/Users/ngadj/Documents/pico-sdk/lib/tinyusb/src/portable/raspberrypi/rp2040/dcd_rp2040.c.obj
 *fill*         0x100074f1        0x3 
 .rodata.dcd_int_enable.str1.4
                0x100074f4        0xc CMakeFiles/pico-numpad.dir/C_/Users/ngadj/Documents/pico-sdk/lib/tinyusb/src/portable/raspberrypi/rp2040/dcd_rp2040.c.obj
 .rodata.__func__.0
                0x10007500       0x15 CMakeFiles/pico-numpad.dir/C_/Users/ngadj/Documents/pico-sdk/lib/tinyusb/src/portable/raspberrypi/rp2040/dcd_rp2040.c.obj
 *fill*         0x10007515        0x3 
 .rodata.__func__.1
                0x10007518       0x13 CMakeFiles/pico-numpad.dir/C_/Users/ngadj/Documents/pico-sdk/lib/tinyusb/src/portable/raspberrypi/rp2040/dcd_rp2040.c.obj
 *fill*         0x1000752b        0x1 
 .rodata.__func__.10
                0x1000752c        0xf CMakeFiles/pico-numpad.dir/C_/Users/ngadj/Documents/pico-sdk/lib/tinyusb/src/portable/raspberrypi/rp2040/dcd_rp2040.c.obj
 *fill*         0x1000753b        0x1 
 .rodata.__func__.11
                0x1000753c       0x13 CMakeFiles/pico-numpad.dir/C_/Users/ngadj/Documents/pico-sdk/lib/tinyusb/src/portable/raspberrypi/rp2040/dcd_rp2040.c.obj
 *fill*         0x1000754f        0x1 
 .rodata.__func__.12
                0x10007550       0x16 CMakeFiles/pico-numpad.dir/C_/Users/ngadj/Documents/pico-sdk/lib/tinyusb/src/portable/raspberrypi/rp2040/dcd_rp2040.c.obj
 *fill*         0x10007566        0x2 
 .rodata.__func__.13
                0x10007568        0x9 CMakeFiles/pico-numpad.dir/C_/Users/ngadj/Documents/pico-sdk/lib/tinyusb/src/portable/raspberrypi/rp2040/dcd_rp2040.c.obj
 *fill*         0x10007571        0x3 
 .rodata.__func__.2
                0x10007574        0xf CMakeFiles/pico-numpad.dir/C_/Users/ngadj/Documents/pico-sdk/lib/tinyusb/src/portable/raspberrypi/rp2040/dcd_rp2040.c.obj
 *fill*         0x10007583        0x1 
 .rodata.__func__.3
                0x10007584        0xe CMakeFiles/pico-numpad.dir/C_/Users/ngadj/Documents/pico-sdk/lib/tinyusb/src/portable/raspberrypi/rp2040/dcd_rp2040.c.obj
 *fill*         0x10007592        0x2 
 .rodata.__func__.4
                0x10007594        0xe CMakeFiles/pico-numpad.dir/C_/Users/ngadj/Documents/pico-sdk/lib/tinyusb/src/portable/raspberrypi/rp2040/dcd_rp2040.c.obj
 *fill*         0x100075a2        0x2 
 .rodata.__func__.5
                0x100075a4       0x1a CMakeFiles/pico-numpad.dir/C_/Users/ngadj/Documents/pico-sdk/lib/tinyusb/src/portable/raspberrypi/rp2040/dcd_rp2040.c.obj
 *fill*         0x100075be        0x2 
 .rodata.__func__.6
                0x100075c0        0xc CMakeFiles/pico-numpad.dir/C_/Users/ngadj/Documents/pico-sdk/lib/tinyusb/src/portable/raspberrypi/rp2040/dcd_rp2040.c.obj
 .rodata.__func__.8
                0x100075cc       0x10 CMakeFiles/pico-numpad.dir/C_/Users/ngadj/Documents/pico-sdk/lib/tinyusb/src/portable/raspberrypi/rp2040/dcd_rp2040.c.obj
 .rodata._hw_endpoint_buffer_control_update32.str1.4
                0x100075dc       0x1f CMakeFiles/pico-numpad.dir/C_/Users/ngadj/Documents/pico-sdk/lib/tinyusb/src/portable/raspberrypi/rp2040/rp2040_usb.c.obj
 *fill*         0x100075fb        0x1 
 .rodata._hw_endpoint_xfer_sync.str1.4
                0x100075fc       0x99 CMakeFiles/pico-numpad.dir/C_/Users/ngadj/Documents/pico-sdk/lib/tinyusb/src/portable/raspberrypi/rp2040/rp2040_usb.c.obj
 *fill*         0x10007695        0x3 
 .rodata._hw_endpoint_xfer_continue.str1.4
                0x10007698       0x50 CMakeFiles/pico-numpad.dir/C_/Users/ngadj/Documents/pico-sdk/lib/tinyusb/src/portable/raspberrypi/rp2040/rp2040_usb.c.obj
 .rodata._hw_endpoint_xfer.str1.4
                0x100076e8        0xf CMakeFiles/pico-numpad.dir/C_/Users/ngadj/Documents/pico-sdk/lib/tinyusb/src/portable/raspberrypi/rp2040/rp2040_usb.c.obj
 .rodata.str1.4
                0x100076f7        0xf CMakeFiles/pico-numpad.dir/C_/Users/ngadj/Documents/pico-sdk/lib/tinyusb/src/portable/raspberrypi/rp2040/rp2040_usb.c.obj
                                  0x7 (size before relaxing)
 *fill*         0x100076f7        0x1 
 .rodata.__func__.0
                0x100076f8       0x12 CMakeFiles/pico-numpad.dir/C_/Users/ngadj/Documents/pico-sdk/lib/tinyusb/src/portable/raspberrypi/rp2040/rp2040_usb.c.obj
 *fill*         0x1000770a        0x2 
 .rodata.__func__.1
                0x1000770c       0x17 CMakeFiles/pico-numpad.dir/C_/Users/ngadj/Documents/pico-sdk/lib/tinyusb/src/portable/raspberrypi/rp2040/rp2040_usb.c.obj
 *fill*         0x10007723        0x1 
 .rodata.process_set_config.str1.4
                0x10007724       0x17 CMakeFiles/pico-numpad.dir/C_/Users/ngadj/Documents/pico-sdk/lib/tinyusb/src/device/usbd.c.obj
 *fill*         0x1000773b        0x1 
 .rodata.process_get_descriptor
                0x1000773c       0x40 CMakeFiles/pico-numpad.dir/C_/Users/ngadj/Documents/pico-sdk/lib/tinyusb/src/device/usbd.c.obj
 .rodata.dcd_event_handler.str1.4
                0x1000777c       0x53 CMakeFiles/pico-numpad.dir/C_/Users/ngadj/Documents/pico-sdk/lib/tinyusb/src/device/usbd.c.obj
 *fill*         0x100077cf        0x1 
 .rodata.process_control_request
                0x100077d0       0x28 CMakeFiles/pico-numpad.dir/C_/Users/ngadj/Documents/pico-sdk/lib/tinyusb/src/device/usbd.c.obj
 .rodata.tud_task
                0x100077f8       0x24 CMakeFiles/pico-numpad.dir/C_/Users/ngadj/Documents/pico-sdk/lib/tinyusb/src/device/usbd.c.obj
 .rodata.__func__.1
                0x1000781c        0xf CMakeFiles/pico-numpad.dir/C_/Users/ngadj/Documents/pico-sdk/lib/tinyusb/src/device/usbd.c.obj
 *fill*         0x1000782b        0x1 
 .rodata.__func__.2
                0x1000782c       0x14 CMakeFiles/pico-numpad.dir/C_/Users/ngadj/Documents/pico-sdk/lib/tinyusb/src/device/usbd.c.obj
 .rodata.__func__.3
                0x10007840       0x10 CMakeFiles/pico-numpad.dir/C_/Users/ngadj/Documents/pico-sdk/lib/tinyusb/src/device/usbd.c.obj
 .rodata.__func__.4
                0x10007850       0x17 CMakeFiles/pico-numpad.dir/C_/Users/ngadj/Documents/pico-sdk/lib/tinyusb/src/device/usbd.c.obj
 *fill*         0x10007867        0x1 
 .rodata.__func__.5
                0x10007868       0x13 CMakeFiles/pico-numpad.dir/C_/Users/ngadj/Documents/pico-sdk/lib/tinyusb/src/device/usbd.c.obj
 *fill*         0x1000787b        0x1 
 .rodata.__func__.6
                0x1000787c       0x18 CMakeFiles/pico-numpad.dir/C_/Users/ngadj/Documents/pico-sdk/lib/tinyusb/src/device/usbd.c.obj
 .rodata.__func__.7
                0x10007894       0x13 CMakeFiles/pico-numpad.dir/C_/Users/ngadj/Documents/pico-sdk/lib/tinyusb/src/device/usbd.c.obj
 *fill*         0x100078a7        0x1 
 .rodata.__func__.8
                0x100078a8        0x9 CMakeFiles/pico-numpad.dir/C_/Users/ngadj/Documents/pico-sdk/lib/tinyusb/src/device/usbd.c.obj
 *fill*         0x100078b1        0x3 
 .rodata._usbd_driver
                0x100078b4       0x1c CMakeFiles/pico-numpad.dir/C_/Users/ngadj/Documents/pico-sdk/lib/tinyusb/src/device/usbd.c.obj
 .rodata.tud_control_xfer.str1.4
                0x100078d0       0x17 CMakeFiles/pico-numpad.dir/C_/Users/ngadj/Documents/pico-sdk/lib/tinyusb/src/device/usbd_control.c.obj
 .rodata.__func__.0
                0x100078d0       0x15 CMakeFiles/pico-numpad.dir/C_/Users/ngadj/Documents/pico-sdk/lib/tinyusb/src/device/usbd_control.c.obj
 *fill*         0x100078e5        0x3 
 .rodata.__func__.1
                0x100078e8       0x11 CMakeFiles/pico-numpad.dir/C_/Users/ngadj/Documents/pico-sdk/lib/tinyusb/src/device/usbd_control.c.obj
 *fill*         0x100078f9        0x3 
 .rodata.hidd_open.str1.4
                0x100078fc       0x11 CMakeFiles/pico-numpad.dir/C_/Users/ngadj/Documents/pico-sdk/lib/tinyusb/src/class/hid/hid_device.c.obj
                                 0x29 (size before relaxing)
 *fill*         0x1000790d        0x3 
 .rodata.hidd_control_request
                0x10007910       0x30 CMakeFiles/pico-numpad.dir/C_/Users/ngadj/Documents/pico-sdk/lib/tinyusb/src/class/hid/hid_device.c.obj
 .rodata.__PRETTY_FUNCTION__.2
                0x10007940        0xa CMakeFiles/pico-numpad.dir/C_/Users/ngadj/Documents/pico-sdk/lib/tinyusb/src/class/hid/hid_device.c.obj
 *fill*         0x1000794a        0x2 
 .rodata.__func__.0
                0x1000794c        0xd CMakeFiles/pico-numpad.dir/C_/Users/ngadj/Documents/pico-sdk/lib/tinyusb/src/class/hid/hid_device.c.obj
 *fill*         0x10007959        0x3 
 .rodata.__func__.1
                0x1000795c       0x15 CMakeFiles/pico-numpad.dir/C_/Users/ngadj/Documents/pico-sdk/lib/tinyusb/src/class/hid/hid_device.c.obj
 *fill*         0x10007971        0x3 
 .rodata.__func__.3
                0x10007974        0xa CMakeFiles/pico-numpad.dir/C_/Users/ngadj/Documents/pico-sdk/lib/tinyusb/src/class/hid/hid_device.c.obj
 .rodata.tusb_init.str1.4
                0x1000797e       0x17 CMakeFiles/pico-numpad.dir/C_/Users/ngadj/Documents/pico-sdk/lib/tinyusb/src/tusb.c.obj
 *fill*         0x1000797e        0x2 
 .rodata.__func__.0
                0x10007980        0xa CMakeFiles/pico-numpad.dir/C_/Users/ngadj/Documents/pico-sdk/lib/tinyusb/src/tusb.c.obj
                0x1000798c                . = ALIGN (0x4)
 *fill*         0x1000798a        0x2 
 *(SORT_BY_ALIGNMENT(SORT_BY_NAME(.flashdata*)))
                0x1000798c                . = ALIGN (0x4)

.rel.dyn        0x1000798c        0x0
 .rel.iplt      0x1000798c        0x0 c:/progra~2/gnuarm~1/102020~1/bin/../lib/gcc/arm-none-eabi/10.2.1/thumb/v6-m/nofp/crtbegin.o

.ARM.extab
 *(.ARM.extab* .gnu.linkonce.armextab.*)
                0x1000798c                __exidx_start = .

.ARM.exidx
 *(.ARM.exidx* .gnu.linkonce.armexidx.*)
                0x1000798c                __exidx_end = .
                0x1000798c                . = ALIGN (0x4)
                0x1000798c                __binary_info_start = .

.binary_info    0x1000798c       0x24
 *(.binary_info.keep.*)
 .binary_info.keep.__bi_ptr22
                0x1000798c        0x4 CMakeFiles/pico-numpad.dir/C_/Users/ngadj/Documents/pico-sdk/src/rp2_common/pico_standard_link/binary_info.c.obj
 .binary_info.keep.__bi_ptr30
                0x10007990        0x4 CMakeFiles/pico-numpad.dir/C_/Users/ngadj/Documents/pico-sdk/src/rp2_common/pico_standard_link/binary_info.c.obj
 .binary_info.keep.__bi_ptr38
                0x10007994        0x4 CMakeFiles/pico-numpad.dir/C_/Users/ngadj/Documents/pico-sdk/src/rp2_common/pico_standard_link/binary_info.c.obj
 .binary_info.keep.__bi_ptr44
                0x10007998        0x4 CMakeFiles/pico-numpad.dir/C_/Users/ngadj/Documents/pico-sdk/src/rp2_common/pico_standard_link/binary_info.c.obj
 .binary_info.keep.__bi_ptr50
                0x1000799c        0x4 CMakeFiles/pico-numpad.dir/C_/Users/ngadj/Documents/pico-sdk/src/rp2_common/pico_standard_link/binary_info.c.obj
 .binary_info.keep.__bi_ptr75
                0x100079a0        0x4 CMakeFiles/pico-numpad.dir/C_/Users/ngadj/Documents/pico-sdk/src/rp2_common/pico_standard_link/binary_info.c.obj
 .binary_info.keep.__bi_ptr81
                0x100079a4        0x4 CMakeFiles/pico-numpad.dir/C_/Users/ngadj/Documents/pico-sdk/src/rp2_common/pico_standard_link/binary_info.c.obj
 *(.binary_info.*)
 .binary_info.__bi_ptr28
                0x100079a8        0x4 CMakeFiles/pico-numpad.dir/C_/Users/ngadj/Documents/pico-sdk/src/rp2_common/pico_stdio_uart/stdio_uart.c.obj
 .binary_info.__bi_ptr29
                0x100079ac        0x4 CMakeFiles/pico-numpad.dir/C_/Users/ngadj/Documents/pico-sdk/src/rp2_common/pico_stdio_uart/stdio_uart.c.obj
                0x100079b0                __binary_info_end = .
                0x100079b0                . = ALIGN (0x4)
                0x100079b0                __etext = .

.ram_vector_table
                0x20000000       0xc0
 *(.ram_vector_table)
 .ram_vector_table
                0x20000000       0xc0 CMakeFiles/pico-numpad.dir/C_/Users/ngadj/Documents/pico-sdk/src/rp2_common/pico_runtime/runtime.c.obj
                0x20000000                ram_vector_table

.data           0x200000c0      0x338 load address 0x100079b0
                0x200000c0                __data_start__ = .
 *(vtable)
 *(.time_critical*)
 .time_critical.mutex_enter_blocking
                0x200000c0       0x64 CMakeFiles/pico-numpad.dir/C_/Users/ngadj/Documents/pico-sdk/src/common/pico_sync/mutex.c.obj
                0x200000c0                mutex_enter_blocking
 .time_critical.mutex_try_enter
                0x20000124       0x46 CMakeFiles/pico-numpad.dir/C_/Users/ngadj/Documents/pico-sdk/src/common/pico_sync/mutex.c.obj
                0x20000124                mutex_try_enter
 *fill*         0x2000016a        0x2 
 .time_critical.mutex_enter_block_until
                0x2000016c       0x7c CMakeFiles/pico-numpad.dir/C_/Users/ngadj/Documents/pico-sdk/src/common/pico_sync/mutex.c.obj
                0x2000016c                mutex_enter_block_until
 .time_critical.mutex_enter_timeout_ms
                0x200001e8       0x74 CMakeFiles/pico-numpad.dir/C_/Users/ngadj/Documents/pico-sdk/src/common/pico_sync/mutex.c.obj
                0x200001e8                mutex_enter_timeout_ms
 .time_critical.mutex_exit
                0x2000025c       0x4c CMakeFiles/pico-numpad.dir/C_/Users/ngadj/Documents/pico-sdk/src/common/pico_sync/mutex.c.obj
                0x2000025c                mutex_exit
 *(.text*)
 .text          0x200002a8        0x4 c:/progra~2/gnuarm~1/102020~1/bin/../lib/gcc/arm-none-eabi/10.2.1/thumb/v6-m/nofp\libgcc.a(_dvmd_tls.o)
                0x200002a8                __aeabi_idiv0
                0x200002a8                __aeabi_ldiv0
 *fill*         0x200002ac        0x4 
 .text.__stub   0x200002b0       0x40 linker stubs
                0x200002f0                . = ALIGN (0x4)
 *(.rodata*)
                0x200002f0                . = ALIGN (0x4)
 *(.data*)
 .data.string_desc_arr
                0x200002f0       0x10 CMakeFiles/pico-numpad.dir/usb_descriptors.c.obj
                0x200002f0                string_desc_arr
 .data.striped_spin_lock_num
                0x20000300        0x1 CMakeFiles/pico-numpad.dir/C_/Users/ngadj/Documents/pico-sdk/src/rp2_common/hardware_sync/sync.c.obj
 *fill*         0x20000301        0x3 
 .data.default_alarm_pool
                0x20000304       0x18 CMakeFiles/pico-numpad.dir/C_/Users/ngadj/Documents/pico-sdk/src/common/pico_time/time.c.obj
 .data.default_alarm_pool_heap
                0x2000031c       0x10 CMakeFiles/pico-numpad.dir/C_/Users/ngadj/Documents/pico-sdk/src/common/pico_time/time.c.obj
 .data          0x2000032c       0x48 CMakeFiles/pico-numpad.dir/C_/Users/ngadj/Documents/pico-sdk/src/rp2_common/hardware_irq/irq_handler_chain.S.obj
                0x2000032c                irq_handler_chain_slots
                0x2000035c                irq_handler_chain_first_slot
                0x20000366                irq_handler_chain_remove_tail
 *fill*         0x20000374        0xc 
 .data.aeabi_bits_funcs
                0x20000380       0x10 CMakeFiles/pico-numpad.dir/C_/Users/ngadj/Documents/pico-sdk/src/rp2_common/pico_bit_ops/bit_ops_aeabi.S.obj
                0x20000380                aeabi_bits_funcs
                0x20000390                aeabi_bits_funcs_end
 .data.aeabi_mem_funcs
                0x20000390       0x10 CMakeFiles/pico-numpad.dir/C_/Users/ngadj/Documents/pico-sdk/src/rp2_common/pico_mem_ops/mem_ops_aeabi.S.obj
                0x20000390                aeabi_mem_funcs
                0x200003a0                aeabi_mem_funcs_end
 .data.stdio_uart
                0x200003a0       0x14 CMakeFiles/pico-numpad.dir/C_/Users/ngadj/Documents/pico-sdk/src/rp2_common/pico_stdio_uart/stdio_uart.c.obj
                0x200003a0                stdio_uart
 .data.ep_dir_string
                0x200003b4        0x8 CMakeFiles/pico-numpad.dir/C_/Users/ngadj/Documents/pico-sdk/lib/tinyusb/src/portable/raspberrypi/rp2040/rp2040_usb.c.obj
                0x200003b4                ep_dir_string
 .data._usbd_qdef
                0x200003bc       0x20 CMakeFiles/pico-numpad.dir/C_/Users/ngadj/Documents/pico-sdk/lib/tinyusb/src/device/usbd.c.obj
                0x200003bc                _usbd_qdef
                0x200003dc                . = ALIGN (0x4)
 *(.after_data.*)
                0x200003dc                . = ALIGN (0x4)
                0x200003dc                PROVIDE (__mutex_array_start = .)
 *(SORT_BY_NAME(.mutex_array.*))
 *(.mutex_array)
 .mutex_array   0x200003dc        0x8 CMakeFiles/pico-numpad.dir/C_/Users/ngadj/Documents/pico-sdk/src/rp2_common/pico_stdio/stdio.c.obj
                0x200003e4                PROVIDE (__mutex_array_end = .)
                0x200003e4                . = ALIGN (0x4)
                0x200003e4                PROVIDE (__preinit_array_start = .)
 *(SORT_BY_NAME(.preinit_array.*))
 .preinit_array.00001
                0x200003e4        0x4 CMakeFiles/pico-numpad.dir/C_/Users/ngadj/Documents/pico-sdk/src/rp2_common/pico_mem_ops/mem_ops_aeabi.S.obj
 .preinit_array.00010
                0x200003e8        0x4 CMakeFiles/pico-numpad.dir/C_/Users/ngadj/Documents/pico-sdk/src/rp2_common/pico_bit_ops/bit_ops_aeabi.S.obj
 .preinit_array.00020
                0x200003ec        0x4 CMakeFiles/pico-numpad.dir/C_/Users/ngadj/Documents/pico-sdk/src/rp2_common/pico_double/double_aeabi.S.obj
 .preinit_array.00020
                0x200003f0        0x4 CMakeFiles/pico-numpad.dir/C_/Users/ngadj/Documents/pico-sdk/src/rp2_common/pico_float/float_aeabi.S.obj
 *(.preinit_array)
                0x200003f4                PROVIDE (__preinit_array_end = .)
                0x200003f4                . = ALIGN (0x4)
                0x200003f4                PROVIDE (__init_array_start = .)
 *(SORT_BY_NAME(.init_array.*))
 *(.init_array)
 .init_array    0x200003f4        0x4 c:/progra~2/gnuarm~1/102020~1/bin/../lib/gcc/arm-none-eabi/10.2.1/thumb/v6-m/nofp/crtbegin.o
                0x200003f8                PROVIDE (__init_array_end = .)
                0x200003f8                . = ALIGN (0x4)
                [!provide]                PROVIDE (__fini_array_start = .)
 *(SORT_BY_NAME(.fini_array.*))
 *(.fini_array)
                [!provide]                PROVIDE (__fini_array_end = .)
 *(.jcr)
                0x200003f8                . = ALIGN (0x4)
                0x200003f8                __data_end__ = .

.igot.plt       0x200003f8        0x0 load address 0x10007ce8
 .igot.plt      0x200003f8        0x0 c:/progra~2/gnuarm~1/102020~1/bin/../lib/gcc/arm-none-eabi/10.2.1/thumb/v6-m/nofp/crtbegin.o

.uninitialized_data
                0x200003f8        0x0 load address 0x10007ce8
                0x200003f8                . = ALIGN (0x4)
 *(.uninitialized_data*)

.scratch_x      0x20040000        0x0 load address 0x10007ce8
                0x20040000                __scratch_x_start__ = .
 *(.scratch_x.*)
                0x20040000                . = ALIGN (0x4)
                0x20040000                __scratch_x_end__ = .
                0x10007ce8                __scratch_x_source__ = LOADADDR (.scratch_x)

.scratch_y      0x20041000        0x0 load address 0x10007ce8
                0x20041000                __scratch_y_start__ = .
 *(.scratch_y.*)
                0x20041000                . = ALIGN (0x4)
                0x20041000                __scratch_y_end__ = .
                0x10007ce8                __scratch_y_source__ = LOADADDR (.scratch_y)

.bss            0x200003f8      0xc54
                0x200003f8                . = ALIGN (0x4)
                0x200003f8                __bss_start__ = .
 *(SORT_BY_ALIGNMENT(SORT_BY_NAME(.bss*)))
 .bss.default_alarm_pool_entries
                0x200003f8      0x100 CMakeFiles/pico-numpad.dir/C_/Users/ngadj/Documents/pico-sdk/src/common/pico_time/time.c.obj
 .bss           0x200004f8       0x1c c:/progra~2/gnuarm~1/102020~1/bin/../lib/gcc/arm-none-eabi/10.2.1/thumb/v6-m/nofp/crtbegin.o
 .bss._app_driver
                0x20000514        0x4 CMakeFiles/pico-numpad.dir/C_/Users/ngadj/Documents/pico-sdk/lib/tinyusb/src/device/usbd.c.obj
 .bss._ctrl_xfer
                0x20000518       0x14 CMakeFiles/pico-numpad.dir/C_/Users/ngadj/Documents/pico-sdk/lib/tinyusb/src/device/usbd_control.c.obj
 .bss._desc_str
                0x2000052c       0x40 CMakeFiles/pico-numpad.dir/usb_descriptors.c.obj
 .bss._hidd_itf
                0x2000056c       0x2c CMakeFiles/pico-numpad.dir/C_/Users/ngadj/Documents/pico-sdk/lib/tinyusb/src/class/hid/hid_device.c.obj
 .bss._ubsd_mutexdef
                0x20000598        0x8 CMakeFiles/pico-numpad.dir/C_/Users/ngadj/Documents/pico-sdk/lib/tinyusb/src/device/usbd.c.obj
 .bss._usbd_ctrl_buf
                0x200005a0       0x40 CMakeFiles/pico-numpad.dir/C_/Users/ngadj/Documents/pico-sdk/lib/tinyusb/src/device/usbd_control.c.obj
 .bss._usbd_dev
                0x200005e0       0x37 CMakeFiles/pico-numpad.dir/C_/Users/ngadj/Documents/pico-sdk/lib/tinyusb/src/device/usbd.c.obj
 *fill*         0x20000617        0x1 
 .bss._usbd_mutex
                0x20000618        0x4 CMakeFiles/pico-numpad.dir/C_/Users/ngadj/Documents/pico-sdk/lib/tinyusb/src/device/usbd.c.obj
 .bss._usbd_q   0x2000061c        0x4 CMakeFiles/pico-numpad.dir/C_/Users/ngadj/Documents/pico-sdk/lib/tinyusb/src/device/usbd.c.obj
 .bss._usbd_qdef_buf
                0x20000620       0xc0 CMakeFiles/pico-numpad.dir/C_/Users/ngadj/Documents/pico-sdk/lib/tinyusb/src/device/usbd.c.obj
                0x20000620                _usbd_qdef_buf
 .bss.alarm_callbacks
                0x200006e0       0x10 CMakeFiles/pico-numpad.dir/C_/Users/ngadj/Documents/pico-sdk/src/rp2_common/hardware_timer/timer.c.obj
 .bss.claimed   0x200006f0        0x4 CMakeFiles/pico-numpad.dir/C_/Users/ngadj/Documents/pico-sdk/src/rp2_common/hardware_sync/sync.c.obj
 .bss.configured_freq
                0x200006f4       0x28 CMakeFiles/pico-numpad.dir/C_/Users/ngadj/Documents/pico-sdk/src/rp2_common/hardware_clocks/clocks.c.obj
 .bss.default_alarm_pool_entry_ids_high
                0x2000071c       0x10 CMakeFiles/pico-numpad.dir/C_/Users/ngadj/Documents/pico-sdk/src/common/pico_time/time.c.obj
 .bss.default_alarm_pool_heap_nodes
                0x2000072c       0x30 CMakeFiles/pico-numpad.dir/C_/Users/ngadj/Documents/pico-sdk/src/common/pico_time/time.c.obj
 .bss.drivers   0x2000075c        0x4 CMakeFiles/pico-numpad.dir/C_/Users/ngadj/Documents/pico-sdk/src/rp2_common/pico_stdio/stdio.c.obj
 .bss.filter    0x20000760        0x4 CMakeFiles/pico-numpad.dir/C_/Users/ngadj/Documents/pico-sdk/src/rp2_common/pico_stdio/stdio.c.obj
 .bss.hw_endpoints
                0x20000764      0x680 CMakeFiles/pico-numpad.dir/C_/Users/ngadj/Documents/pico-sdk/lib/tinyusb/src/portable/raspberrypi/rp2040/dcd_rp2040.c.obj
 .bss.next_buffer_ptr
                0x20000de4        0x4 CMakeFiles/pico-numpad.dir/C_/Users/ngadj/Documents/pico-sdk/lib/tinyusb/src/portable/raspberrypi/rp2040/dcd_rp2040.c.obj
 .bss.pools     0x20000de8       0x10 CMakeFiles/pico-numpad.dir/C_/Users/ngadj/Documents/pico-sdk/src/common/pico_time/time.c.obj
 .bss.prev_sw_val
                0x20000df8       0x16 CMakeFiles/pico-numpad.dir/pico-numpad.c.obj
                0x20000df8                prev_sw_val
 *fill*         0x20000e0e        0x2 
 .bss.sd_table  0x20000e10      0x100 CMakeFiles/pico-numpad.dir/C_/Users/ngadj/Documents/pico-sdk/src/rp2_common/pico_double/double_init_rom.c.obj
                0x20000e10                sd_table
 .bss.sf_clz_func
                0x20000f10        0x4 CMakeFiles/pico-numpad.dir/C_/Users/ngadj/Documents/pico-sdk/src/rp2_common/pico_float/float_init_rom.c.obj
                0x20000f10                sf_clz_func
 .bss.sf_table  0x20000f14      0x100 CMakeFiles/pico-numpad.dir/C_/Users/ngadj/Documents/pico-sdk/src/rp2_common/pico_float/float_init_rom.c.obj
                0x20000f14                sf_table
 .bss.sw_val    0x20001014       0x16 CMakeFiles/pico-numpad.dir/pico-numpad.c.obj
                0x20001014                sw_val
 *fill*         0x2000102a        0x2 
 .bss.target_hi
                0x2000102c       0x10 CMakeFiles/pico-numpad.dir/C_/Users/ngadj/Documents/pico-sdk/src/rp2_common/hardware_timer/timer.c.obj
 .bss.uart_char_to_line_feed
                0x2000103c        0x4 CMakeFiles/pico-numpad.dir/C_/Users/ngadj/Documents/pico-sdk/src/rp2_common/hardware_uart/uart.c.obj
                0x2000103c                uart_char_to_line_feed
 .bss.uart_instance
                0x20001040        0x4 CMakeFiles/pico-numpad.dir/C_/Users/ngadj/Documents/pico-sdk/src/rp2_common/pico_stdio_uart/stdio_uart.c.obj
 .bss._app_driver_count
                0x20001044        0x1 CMakeFiles/pico-numpad.dir/C_/Users/ngadj/Documents/pico-sdk/lib/tinyusb/src/device/usbd.c.obj
 .bss._initialized
                0x20001045        0x1 CMakeFiles/pico-numpad.dir/C_/Users/ngadj/Documents/pico-sdk/lib/tinyusb/src/tusb.c.obj
 .bss.assigned_address
                0x20001046        0x1 CMakeFiles/pico-numpad.dir/C_/Users/ngadj/Documents/pico-sdk/lib/tinyusb/src/portable/raspberrypi/rp2040/dcd_rp2040.c.obj
 .bss.claimed   0x20001047        0x1 CMakeFiles/pico-numpad.dir/C_/Users/ngadj/Documents/pico-sdk/src/rp2_common/hardware_timer/timer.c.obj
 .bss.irq_hander_chain_free_slot_head
                0x20001048        0x1 CMakeFiles/pico-numpad.dir/C_/Users/ngadj/Documents/pico-sdk/src/rp2_common/hardware_irq/irq.c.obj
 .bss.sw_changed
                0x20001049        0x1 CMakeFiles/pico-numpad.dir/pico-numpad.c.obj
                0x20001049                sw_changed
 .bss.timer_callbacks_pending
                0x2000104a        0x1 CMakeFiles/pico-numpad.dir/C_/Users/ngadj/Documents/pico-sdk/src/rp2_common/hardware_timer/timer.c.obj
 *(COMMON)
                0x2000104c                . = ALIGN (0x4)
 *fill*         0x2000104b        0x1 
                0x2000104c                __bss_end__ = .
